To honour the JVM settings for this build a single-use Daemon process will be forked. For more on this, please refer to https://docs.gradle.org/9.3.1/userguide/gradle_daemon.html#sec:disabling_the_daemon in the Gradle documentation.
Daemon will be stopped at the end of the build 

> Configure project :
e: file:///home/runner/work/builds/builds/Slimefun5/FluffyMachines/stable/files/build.gradle.kts:13:1: Expecting an element
e: file:///home/runner/work/builds/builds/Slimefun5/FluffyMachines/stable/files/build.gradle.kts:13:2: Unexpected tokens (use ';' to separate expressions on the same line)
e: file:///home/runner/work/builds/builds/Slimefun5/FluffyMachines/stable/files/build.gradle.kts:15:1: Expecting an element
e: file:///home/runner/work/builds/builds/Slimefun5/FluffyMachines/stable/files/build.gradle.kts:15:2: Unexpected tokens (use ';' to separate expressions on the same line)
e: file:///home/runner/work/builds/builds/Slimefun5/FluffyMachines/stable/files/build.gradle.kts:17:1: Expecting an element
e: file:///home/runner/work/builds/builds/Slimefun5/FluffyMachines/stable/files/build.gradle.kts:17:4: Unexpected tokens (use ';' to separate expressions on the same line)
e: file:///home/runner/work/builds/builds/Slimefun5/FluffyMachines/stable/files/build.gradle.kts:18:1: Expecting an element
e: file:///home/runner/work/builds/builds/Slimefun5/FluffyMachines/stable/files/build.gradle.kts:18:4: Unexpected tokens (use ';' to separate expressions on the same line)
e: file:///home/runner/work/builds/builds/Slimefun5/FluffyMachines/stable/files/build.gradle.kts:20:1: Expecting an element
e: file:///home/runner/work/builds/builds/Slimefun5/FluffyMachines/stable/files/build.gradle.kts:20:2: Unexpected tokens (use ';' to separate expressions on the same line)
e: file:///home/runner/work/builds/builds/Slimefun5/FluffyMachines/stable/files/build.gradle.kts:21:1: Expecting an element
e: file:///home/runner/work/builds/builds/Slimefun5/FluffyMachines/stable/files/build.gradle.kts:21:2: Unexpected tokens (use ';' to separate expressions on the same line)
e: file:///home/runner/work/builds/builds/Slimefun5/FluffyMachines/stable/files/build.gradle.kts:23:1: Expecting an element
e: file:///home/runner/work/builds/builds/Slimefun5/FluffyMachines/stable/files/build.gradle.kts:23:2: Unexpected tokens (use ';' to separate expressions on the same line)
e: file:///home/runner/work/builds/builds/Slimefun5/FluffyMachines/stable/files/build.gradle.kts:26:1: Expecting an element
e: file:///home/runner/work/builds/builds/Slimefun5/FluffyMachines/stable/files/build.gradle.kts:26:4: Unexpected tokens (use ';' to separate expressions on the same line)
e: file:///home/runner/work/builds/builds/Slimefun5/FluffyMachines/stable/files/build.gradle.kts:27:1: Expecting an element
e: file:///home/runner/work/builds/builds/Slimefun5/FluffyMachines/stable/files/build.gradle.kts:27:2: Unexpected tokens (use ';' to separate expressions on the same line)
e: file:///home/runner/work/builds/builds/Slimefun5/FluffyMachines/stable/files/build.gradle.kts:40:1: Expecting an element
e: file:///home/runner/work/builds/builds/Slimefun5/FluffyMachines/stable/files/build.gradle.kts:40:2: Unexpected tokens (use ';' to separate expressions on the same line)
e: file:///home/runner/work/builds/builds/Slimefun5/FluffyMachines/stable/files/build.gradle.kts:42:1: Expecting an element
e: file:///home/runner/work/builds/builds/Slimefun5/FluffyMachines/stable/files/build.gradle.kts:42:4: Unexpected tokens (use ';' to separate expressions on the same line)
e: file:///home/runner/work/builds/builds/Slimefun5/FluffyMachines/stable/files/build.gradle.kts:44:1: Expecting an element
e: file:///home/runner/work/builds/builds/Slimefun5/FluffyMachines/stable/files/build.gradle.kts:44:2: Unexpected tokens (use ';' to separate expressions on the same line)
e: file:///home/runner/work/builds/builds/Slimefun5/FluffyMachines/stable/files/build.gradle.kts:45:1: Expecting an element
e: file:///home/runner/work/builds/builds/Slimefun5/FluffyMachines/stable/files/build.gradle.kts:45:2: Unexpected tokens (use ';' to separate expressions on the same line)
e: file:///home/runner/work/builds/builds/Slimefun5/FluffyMachines/stable/files/build.gradle.kts:47:1: Expecting an element
e: file:///home/runner/work/builds/builds/Slimefun5/FluffyMachines/stable/files/build.gradle.kts:47:2: Unexpected tokens (use ';' to separate expressions on the same line)
e: file:///home/runner/work/builds/builds/Slimefun5/FluffyMachines/stable/files/build.gradle.kts:48:1: Expecting an element
e: file:///home/runner/work/builds/builds/Slimefun5/FluffyMachines/stable/files/build.gradle.kts:48:4: Unexpected tokens (use ';' to separate expressions on the same line)
e: file:///home/runner/work/builds/builds/Slimefun5/FluffyMachines/stable/files/build.gradle.kts:50:1: Expecting an element
e: file:///home/runner/work/builds/builds/Slimefun5/FluffyMachines/stable/files/build.gradle.kts:50:2: Unexpected tokens (use ';' to separate expressions on the same line)
e: file:///home/runner/work/builds/builds/Slimefun5/FluffyMachines/stable/files/build.gradle.kts:51:1: Expecting an element
e: file:///home/runner/work/builds/builds/Slimefun5/FluffyMachines/stable/files/build.gradle.kts:51:2: Unexpected tokens (use ';' to separate expressions on the same line)
e: file:///home/runner/work/builds/builds/Slimefun5/FluffyMachines/stable/files/build.gradle.kts:53:1: Expecting an element
e: file:///home/runner/work/builds/builds/Slimefun5/FluffyMachines/stable/files/build.gradle.kts:53:4: Unexpected tokens (use ';' to separate expressions on the same line)
e: file:///home/runner/work/builds/builds/Slimefun5/FluffyMachines/stable/files/build.gradle.kts:54:1: Expecting an element
e: file:///home/runner/work/builds/builds/Slimefun5/FluffyMachines/stable/files/build.gradle.kts:54:4: Unexpected tokens (use ';' to separate expressions on the same line)
e: file:///home/runner/work/builds/builds/Slimefun5/FluffyMachines/stable/files/build.gradle.kts:55:1: Expecting an element
e: file:///home/runner/work/builds/builds/Slimefun5/FluffyMachines/stable/files/build.gradle.kts:55:2: Unexpected tokens (use ';' to separate expressions on the same line)
e: file:///home/runner/work/builds/builds/Slimefun5/FluffyMachines/stable/files/build.gradle.kts:58:1: Expecting an element
e: file:///home/runner/work/builds/builds/Slimefun5/FluffyMachines/stable/files/build.gradle.kts:58:2: Unexpected tokens (use ';' to separate expressions on the same line)
e: file:///home/runner/work/builds/builds/Slimefun5/FluffyMachines/stable/files/build.gradle.kts:59:1: Expecting an element
e: file:///home/runner/work/builds/builds/Slimefun5/FluffyMachines/stable/files/build.gradle.kts:59:2: Unexpected tokens (use ';' to separate expressions on the same line)
e: file:///home/runner/work/builds/builds/Slimefun5/FluffyMachines/stable/files/build.gradle.kts:70:1: Expecting an element
e: file:///home/runner/work/builds/builds/Slimefun5/FluffyMachines/stable/files/build.gradle.kts:70:4: Unexpected tokens (use ';' to separate expressions on the same line)
e: file:///home/runner/work/builds/builds/Slimefun5/FluffyMachines/stable/files/build.gradle.kts:71:1: Expecting an element
e: file:///home/runner/work/builds/builds/Slimefun5/FluffyMachines/stable/files/build.gradle.kts:71:2: Unexpected tokens (use ';' to separate expressions on the same line)

FAILURE: Build failed with an exception.

* Where:
Build file '/home/runner/work/builds/builds/Slimefun5/FluffyMachines/stable/files/build.gradle.kts' line: 13

* What went wrong:
Script compilation errors:

  Line 13: <<<<<<< HEAD
           ^ Expecting an element

  Line 13: <<<<<<< HEAD
            ^ Unexpected tokens (use ';' to separate expressions on the same line)

  Line 15: <<<<<<< HEAD
           ^ Expecting an element

  Line 15: <<<<<<< HEAD
            ^ Unexpected tokens (use ';' to separate expressions on the same line)

  Line 17: =======
           ^ Expecting an element

  Line 17: =======
              ^ Unexpected tokens (use ';' to separate expressions on the same line)

  Line 18: =======
           ^ Expecting an element

  Line 18: =======
              ^ Unexpected tokens (use ';' to separate expressions on the same line)

  Line 20: <<<<<<< HEAD
           ^ Expecting an element

  Line 20: <<<<<<< HEAD
            ^ Unexpected tokens (use ';' to separate expressions on the same line)

  Line 21: >>>>>>> origin/experimental
           ^ Expecting an element

  Line 21: >>>>>>> origin/experimental
            ^ Unexpected tokens (use ';' to separate expressions on the same line)

  Line 23: >>>>>>> origin/experimental
           ^ Expecting an element

  Line 23: >>>>>>> origin/experimental
            ^ Unexpected tokens (use ';' to separate expressions on the same line)

  Line 26: =======
           ^ Expecting an element

  Line 26: =======
              ^ Unexpected tokens (use ';' to separate expressions on the same line)

  Line 27: >>>>>>> origin/experimental
           ^ Expecting an element

  Line 27: >>>>>>> origin/experimental
            ^ Unexpected tokens (use ';' to separate expressions on the same line)

  Line 40: <<<<<<< HEAD
           ^ Expecting an element

  Line 40: <<<<<<< HEAD
            ^ Unexpected tokens (use ';' to separate expressions on the same line)

  Line 42: =======
           ^ Expecting an element

  Line 42: =======
              ^ Unexpected tokens (use ';' to separate expressions on the same line)

  Line 44: <<<<<<< HEAD
           ^ Expecting an element

  Line 44: <<<<<<< HEAD
            ^ Unexpected tokens (use ';' to separate expressions on the same line)

  Line 45: <<<<<<< HEAD
           ^ Expecting an element

  Line 45: <<<<<<< HEAD
            ^ Unexpected tokens (use ';' to separate expressions on the same line)

  Line 47: >>>>>>> origin/experimental
           ^ Expecting an element

  Line 47: >>>>>>> origin/experimental
            ^ Unexpected tokens (use ';' to separate expressions on the same line)

  Line 48: =======
           ^ Expecting an element

  Line 48: =======
              ^ Unexpected tokens (use ';' to separate expressions on the same line)

  Line 50: <<<<<<< HEAD
           ^ Expecting an element

  Line 50: <<<<<<< HEAD
            ^ Unexpected tokens (use ';' to separate expressions on the same line)

  Line 51: >>>>>>> origin/experimental
           ^ Expecting an element

  Line 51: >>>>>>> origin/experimental
            ^ Unexpected tokens (use ';' to separate expressions on the same line)

  Line 53: =======
           ^ Expecting an element

  Line 53: =======
              ^ Unexpected tokens (use ';' to separate expressions on the same line)

  Line 54: =======
           ^ Expecting an element

  Line 54: =======
              ^ Unexpected tokens (use ';' to separate expressions on the same line)

  Line 55: >>>>>>> origin/experimental
           ^ Expecting an element

  Line 55: >>>>>>> origin/experimental
            ^ Unexpected tokens (use ';' to separate expressions on the same line)

  Line 58: <<<<<<< HEAD
           ^ Expecting an element

  Line 58: <<<<<<< HEAD
            ^ Unexpected tokens (use ';' to separate expressions on the same line)

  Line 59: >>>>>>> origin/experimental
           ^ Expecting an element

  Line 59: >>>>>>> origin/experimental
            ^ Unexpected tokens (use ';' to separate expressions on the same line)

  Line 70: =======
           ^ Expecting an element

  Line 70: =======
              ^ Unexpected tokens (use ';' to separate expressions on the same line)

  Line 71: >>>>>>> origin/experimental
           ^ Expecting an element

  Line 71: >>>>>>> origin/experimental
            ^ Unexpected tokens (use ';' to separate expressions on the same line)

48 errors

* Try:
> Run with --stacktrace option to get the stack trace.
> Run with --info or --debug option to get more log output.
> Run with --scan to get full insights from a Build Scan (powered by Develocity).
> Get more help at https://help.gradle.org.

BUILD FAILED in 10s
