To honour the JVM settings for this build a single-use Daemon process will be forked. For more on this, please refer to https://docs.gradle.org/9.3.1/userguide/gradle_daemon.html#sec:disabling_the_daemon in the Gradle documentation.
Daemon will be stopped at the end of the build 

> Configure project :
e: file:///home/runner/work/builds/builds/Slimefun5/FluffyMachines/stable/files/build.gradle.kts:44:1: Expecting an element
e: file:///home/runner/work/builds/builds/Slimefun5/FluffyMachines/stable/files/build.gradle.kts:44:2: Unexpected tokens (use ';' to separate expressions on the same line)
e: file:///home/runner/work/builds/builds/Slimefun5/FluffyMachines/stable/files/build.gradle.kts:46:1: Expecting an element
e: file:///home/runner/work/builds/builds/Slimefun5/FluffyMachines/stable/files/build.gradle.kts:46:2: Unexpected tokens (use ';' to separate expressions on the same line)
e: file:///home/runner/work/builds/builds/Slimefun5/FluffyMachines/stable/files/build.gradle.kts:48:1: Expecting an element
e: file:///home/runner/work/builds/builds/Slimefun5/FluffyMachines/stable/files/build.gradle.kts:48:4: Unexpected tokens (use ';' to separate expressions on the same line)
e: file:///home/runner/work/builds/builds/Slimefun5/FluffyMachines/stable/files/build.gradle.kts:49:1: Expecting an element
e: file:///home/runner/work/builds/builds/Slimefun5/FluffyMachines/stable/files/build.gradle.kts:49:4: Unexpected tokens (use ';' to separate expressions on the same line)
e: file:///home/runner/work/builds/builds/Slimefun5/FluffyMachines/stable/files/build.gradle.kts:51:1: Expecting an element
e: file:///home/runner/work/builds/builds/Slimefun5/FluffyMachines/stable/files/build.gradle.kts:51:2: Unexpected tokens (use ';' to separate expressions on the same line)
e: file:///home/runner/work/builds/builds/Slimefun5/FluffyMachines/stable/files/build.gradle.kts:53:1: Expecting an element
e: file:///home/runner/work/builds/builds/Slimefun5/FluffyMachines/stable/files/build.gradle.kts:53:2: Unexpected tokens (use ';' to separate expressions on the same line)
e: file:///home/runner/work/builds/builds/Slimefun5/FluffyMachines/stable/files/build.gradle.kts:93:1: Expecting an element
e: file:///home/runner/work/builds/builds/Slimefun5/FluffyMachines/stable/files/build.gradle.kts:93:2: Unexpected tokens (use ';' to separate expressions on the same line)
e: file:///home/runner/work/builds/builds/Slimefun5/FluffyMachines/stable/files/build.gradle.kts:95:1: Expecting an element
e: file:///home/runner/work/builds/builds/Slimefun5/FluffyMachines/stable/files/build.gradle.kts:95:4: Unexpected tokens (use ';' to separate expressions on the same line)
e: file:///home/runner/work/builds/builds/Slimefun5/FluffyMachines/stable/files/build.gradle.kts:97:1: Expecting an element
e: file:///home/runner/work/builds/builds/Slimefun5/FluffyMachines/stable/files/build.gradle.kts:97:2: Unexpected tokens (use ';' to separate expressions on the same line)
e: file:///home/runner/work/builds/builds/Slimefun5/FluffyMachines/stable/files/build.gradle.kts:99:1: Expecting an element
e: file:///home/runner/work/builds/builds/Slimefun5/FluffyMachines/stable/files/build.gradle.kts:99:2: Unexpected tokens (use ';' to separate expressions on the same line)
e: file:///home/runner/work/builds/builds/Slimefun5/FluffyMachines/stable/files/build.gradle.kts:100:1: Expecting an element
e: file:///home/runner/work/builds/builds/Slimefun5/FluffyMachines/stable/files/build.gradle.kts:100:4: Unexpected tokens (use ';' to separate expressions on the same line)
e: file:///home/runner/work/builds/builds/Slimefun5/FluffyMachines/stable/files/build.gradle.kts:102:1: Expecting an element
e: file:///home/runner/work/builds/builds/Slimefun5/FluffyMachines/stable/files/build.gradle.kts:102:2: Unexpected tokens (use ';' to separate expressions on the same line)
e: file:///home/runner/work/builds/builds/Slimefun5/FluffyMachines/stable/files/build.gradle.kts:103:1: Expecting an element
e: file:///home/runner/work/builds/builds/Slimefun5/FluffyMachines/stable/files/build.gradle.kts:103:2: Unexpected tokens (use ';' to separate expressions on the same line)
e: file:///home/runner/work/builds/builds/Slimefun5/FluffyMachines/stable/files/build.gradle.kts:105:1: Expecting an element
e: file:///home/runner/work/builds/builds/Slimefun5/FluffyMachines/stable/files/build.gradle.kts:105:4: Unexpected tokens (use ';' to separate expressions on the same line)
e: file:///home/runner/work/builds/builds/Slimefun5/FluffyMachines/stable/files/build.gradle.kts:110:1: Expecting an element
e: file:///home/runner/work/builds/builds/Slimefun5/FluffyMachines/stable/files/build.gradle.kts:110:2: Unexpected tokens (use ';' to separate expressions on the same line)

FAILURE: Build failed with an exception.

* Where:
Build file '/home/runner/work/builds/builds/Slimefun5/FluffyMachines/stable/files/build.gradle.kts' line: 44

* What went wrong:
Script compilation errors:

  Line 044: <<<<<<< HEAD
            ^ Expecting an element

  Line 044: <<<<<<< HEAD
             ^ Unexpected tokens (use ';' to separate expressions on the same line)

  Line 046: <<<<<<< HEAD
            ^ Expecting an element

  Line 046: <<<<<<< HEAD
             ^ Unexpected tokens (use ';' to separate expressions on the same line)

  Line 048: =======
            ^ Expecting an element

  Line 048: =======
               ^ Unexpected tokens (use ';' to separate expressions on the same line)

  Line 049: =======
            ^ Expecting an element

  Line 049: =======
               ^ Unexpected tokens (use ';' to separate expressions on the same line)

  Line 051: >>>>>>> origin/experimental
            ^ Expecting an element

  Line 051: >>>>>>> origin/experimental
             ^ Unexpected tokens (use ';' to separate expressions on the same line)

  Line 053: >>>>>>> origin/experimental
            ^ Expecting an element

  Line 053: >>>>>>> origin/experimental
             ^ Unexpected tokens (use ';' to separate expressions on the same line)

  Line 093: <<<<<<< HEAD
            ^ Expecting an element

  Line 093: <<<<<<< HEAD
             ^ Unexpected tokens (use ';' to separate expressions on the same line)

  Line 095: =======
            ^ Expecting an element

  Line 095: =======
               ^ Unexpected tokens (use ';' to separate expressions on the same line)

  Line 097: <<<<<<< HEAD
            ^ Expecting an element

  Line 097: <<<<<<< HEAD
             ^ Unexpected tokens (use ';' to separate expressions on the same line)

  Line 099: >>>>>>> origin/experimental
            ^ Expecting an element

  Line 099: >>>>>>> origin/experimental
             ^ Unexpected tokens (use ';' to separate expressions on the same line)

  Line 100: =======
            ^ Expecting an element

  Line 100: =======
               ^ Unexpected tokens (use ';' to separate expressions on the same line)

  Line 102: <<<<<<< HEAD
            ^ Expecting an element

  Line 102: <<<<<<< HEAD
             ^ Unexpected tokens (use ';' to separate expressions on the same line)

  Line 103: >>>>>>> origin/experimental
            ^ Expecting an element

  Line 103: >>>>>>> origin/experimental
             ^ Unexpected tokens (use ';' to separate expressions on the same line)

  Line 105: =======
            ^ Expecting an element

  Line 105: =======
               ^ Unexpected tokens (use ';' to separate expressions on the same line)

  Line 110: >>>>>>> origin/experimental
            ^ Expecting an element

  Line 110: >>>>>>> origin/experimental
             ^ Unexpected tokens (use ';' to separate expressions on the same line)

30 errors

* Try:
> Run with --stacktrace option to get the stack trace.
> Run with --info or --debug option to get more log output.
> Run with --scan to get full insights from a Build Scan (powered by Develocity).
> Get more help at https://help.gradle.org.

BUILD FAILED in 10s
