To honour the JVM settings for this build a single-use Daemon process will be forked. For more on this, please refer to https://docs.gradle.org/9.3.1/userguide/gradle_daemon.html#sec:disabling_the_daemon in the Gradle documentation.
Daemon will be stopped at the end of the build 

> Configure project :
e: file:///home/runner/work/builds/builds/Slimefun5/LiteXpansion/stable/files/build.gradle.kts:44:1: Expecting an element
e: file:///home/runner/work/builds/builds/Slimefun5/LiteXpansion/stable/files/build.gradle.kts:44:2: Unexpected tokens (use ';' to separate expressions on the same line)
e: file:///home/runner/work/builds/builds/Slimefun5/LiteXpansion/stable/files/build.gradle.kts:46:1: Expecting an element
e: file:///home/runner/work/builds/builds/Slimefun5/LiteXpansion/stable/files/build.gradle.kts:46:2: Unexpected tokens (use ';' to separate expressions on the same line)
e: file:///home/runner/work/builds/builds/Slimefun5/LiteXpansion/stable/files/build.gradle.kts:48:1: Expecting an element
e: file:///home/runner/work/builds/builds/Slimefun5/LiteXpansion/stable/files/build.gradle.kts:48:4: Unexpected tokens (use ';' to separate expressions on the same line)
e: file:///home/runner/work/builds/builds/Slimefun5/LiteXpansion/stable/files/build.gradle.kts:49:1: Expecting an element
e: file:///home/runner/work/builds/builds/Slimefun5/LiteXpansion/stable/files/build.gradle.kts:49:4: Unexpected tokens (use ';' to separate expressions on the same line)
e: file:///home/runner/work/builds/builds/Slimefun5/LiteXpansion/stable/files/build.gradle.kts:51:1: Expecting an element
e: file:///home/runner/work/builds/builds/Slimefun5/LiteXpansion/stable/files/build.gradle.kts:51:2: Unexpected tokens (use ';' to separate expressions on the same line)
e: file:///home/runner/work/builds/builds/Slimefun5/LiteXpansion/stable/files/build.gradle.kts:52:1: Expecting an element
e: file:///home/runner/work/builds/builds/Slimefun5/LiteXpansion/stable/files/build.gradle.kts:52:2: Unexpected tokens (use ';' to separate expressions on the same line)
e: file:///home/runner/work/builds/builds/Slimefun5/LiteXpansion/stable/files/build.gradle.kts:53:1: Expecting an element
e: file:///home/runner/work/builds/builds/Slimefun5/LiteXpansion/stable/files/build.gradle.kts:53:4: Unexpected tokens (use ';' to separate expressions on the same line)
e: file:///home/runner/work/builds/builds/Slimefun5/LiteXpansion/stable/files/build.gradle.kts:55:1: Expecting an element
e: file:///home/runner/work/builds/builds/Slimefun5/LiteXpansion/stable/files/build.gradle.kts:55:2: Unexpected tokens (use ';' to separate expressions on the same line)
e: file:///home/runner/work/builds/builds/Slimefun5/LiteXpansion/stable/files/build.gradle.kts:57:1: Expecting an element
e: file:///home/runner/work/builds/builds/Slimefun5/LiteXpansion/stable/files/build.gradle.kts:57:2: Unexpected tokens (use ';' to separate expressions on the same line)
e: file:///home/runner/work/builds/builds/Slimefun5/LiteXpansion/stable/files/build.gradle.kts:90:1: Expecting an element
e: file:///home/runner/work/builds/builds/Slimefun5/LiteXpansion/stable/files/build.gradle.kts:90:2: Unexpected tokens (use ';' to separate expressions on the same line)
e: file:///home/runner/work/builds/builds/Slimefun5/LiteXpansion/stable/files/build.gradle.kts:92:1: Expecting an element
e: file:///home/runner/work/builds/builds/Slimefun5/LiteXpansion/stable/files/build.gradle.kts:92:4: Unexpected tokens (use ';' to separate expressions on the same line)
e: file:///home/runner/work/builds/builds/Slimefun5/LiteXpansion/stable/files/build.gradle.kts:94:1: Expecting an element
e: file:///home/runner/work/builds/builds/Slimefun5/LiteXpansion/stable/files/build.gradle.kts:94:2: Unexpected tokens (use ';' to separate expressions on the same line)
e: file:///home/runner/work/builds/builds/Slimefun5/LiteXpansion/stable/files/build.gradle.kts:96:1: Expecting an element
e: file:///home/runner/work/builds/builds/Slimefun5/LiteXpansion/stable/files/build.gradle.kts:96:2: Unexpected tokens (use ';' to separate expressions on the same line)
e: file:///home/runner/work/builds/builds/Slimefun5/LiteXpansion/stable/files/build.gradle.kts:97:1: Expecting an element
e: file:///home/runner/work/builds/builds/Slimefun5/LiteXpansion/stable/files/build.gradle.kts:97:4: Unexpected tokens (use ';' to separate expressions on the same line)
e: file:///home/runner/work/builds/builds/Slimefun5/LiteXpansion/stable/files/build.gradle.kts:99:1: Expecting an element
e: file:///home/runner/work/builds/builds/Slimefun5/LiteXpansion/stable/files/build.gradle.kts:99:2: Unexpected tokens (use ';' to separate expressions on the same line)

FAILURE: Build failed with an exception.

* Where:
Build file '/home/runner/work/builds/builds/Slimefun5/LiteXpansion/stable/files/build.gradle.kts' line: 44

* What went wrong:
Script compilation errors:

  Line 44: <<<<<<< HEAD
           ^ Expecting an element

  Line 44: <<<<<<< HEAD
            ^ Unexpected tokens (use ';' to separate expressions on the same line)

  Line 46: <<<<<<< HEAD
           ^ Expecting an element

  Line 46: <<<<<<< HEAD
            ^ Unexpected tokens (use ';' to separate expressions on the same line)

  Line 48: =======
           ^ Expecting an element

  Line 48: =======
              ^ Unexpected tokens (use ';' to separate expressions on the same line)

  Line 49: =======
           ^ Expecting an element

  Line 49: =======
              ^ Unexpected tokens (use ';' to separate expressions on the same line)

  Line 51: <<<<<<< HEAD
           ^ Expecting an element

  Line 51: <<<<<<< HEAD
            ^ Unexpected tokens (use ';' to separate expressions on the same line)

  Line 52: >>>>>>> origin/experimental
           ^ Expecting an element

  Line 52: >>>>>>> origin/experimental
            ^ Unexpected tokens (use ';' to separate expressions on the same line)

  Line 53: =======
           ^ Expecting an element

  Line 53: =======
              ^ Unexpected tokens (use ';' to separate expressions on the same line)

  Line 55: >>>>>>> origin/experimental
           ^ Expecting an element

  Line 55: >>>>>>> origin/experimental
            ^ Unexpected tokens (use ';' to separate expressions on the same line)

  Line 57: >>>>>>> origin/experimental
           ^ Expecting an element

  Line 57: >>>>>>> origin/experimental
            ^ Unexpected tokens (use ';' to separate expressions on the same line)

  Line 90: <<<<<<< HEAD
           ^ Expecting an element

  Line 90: <<<<<<< HEAD
            ^ Unexpected tokens (use ';' to separate expressions on the same line)

  Line 92: =======
           ^ Expecting an element

  Line 92: =======
              ^ Unexpected tokens (use ';' to separate expressions on the same line)

  Line 94: <<<<<<< HEAD
           ^ Expecting an element

  Line 94: <<<<<<< HEAD
            ^ Unexpected tokens (use ';' to separate expressions on the same line)

  Line 96: >>>>>>> origin/experimental
           ^ Expecting an element

  Line 96: >>>>>>> origin/experimental
            ^ Unexpected tokens (use ';' to separate expressions on the same line)

  Line 97: =======
           ^ Expecting an element

  Line 97: =======
              ^ Unexpected tokens (use ';' to separate expressions on the same line)

  Line 99: >>>>>>> origin/experimental
           ^ Expecting an element

  Line 99: >>>>>>> origin/experimental
            ^ Unexpected tokens (use ';' to separate expressions on the same line)

30 errors

* Try:
> Run with --stacktrace option to get the stack trace.
> Run with --info or --debug option to get more log output.
> Run with --scan to get full insights from a Build Scan (powered by Develocity).
> Get more help at https://help.gradle.org.

BUILD FAILED in 10s
