To honour the JVM settings for this build a single-use Daemon process will be forked. For more on this, please refer to https://docs.gradle.org/9.3.1/userguide/gradle_daemon.html#sec:disabling_the_daemon in the Gradle documentation.
Daemon will be stopped at the end of the build 

> Configure project :
e: file:///home/runner/work/builds/builds/Slimefun5/ExoticGarden/stable/files/build.gradle.kts:9:1: Expecting an element
e: file:///home/runner/work/builds/builds/Slimefun5/ExoticGarden/stable/files/build.gradle.kts:9:2: Expecting an element
e: file:///home/runner/work/builds/builds/Slimefun5/ExoticGarden/stable/files/build.gradle.kts:9:3: Expecting an element
e: file:///home/runner/work/builds/builds/Slimefun5/ExoticGarden/stable/files/build.gradle.kts:9:4: Expecting an element
e: file:///home/runner/work/builds/builds/Slimefun5/ExoticGarden/stable/files/build.gradle.kts:9:5: Expecting an element
e: file:///home/runner/work/builds/builds/Slimefun5/ExoticGarden/stable/files/build.gradle.kts:9:6: Expecting an element
e: file:///home/runner/work/builds/builds/Slimefun5/ExoticGarden/stable/files/build.gradle.kts:9:7: Expecting an element
e: file:///home/runner/work/builds/builds/Slimefun5/ExoticGarden/stable/files/build.gradle.kts:54:1: Expecting an element
e: file:///home/runner/work/builds/builds/Slimefun5/ExoticGarden/stable/files/build.gradle.kts:54:4: Expecting an element
e: file:///home/runner/work/builds/builds/Slimefun5/ExoticGarden/stable/files/build.gradle.kts:54:7: Expecting an element
e: file:///home/runner/work/builds/builds/Slimefun5/ExoticGarden/stable/files/build.gradle.kts:55:1: Expecting an element
e: file:///home/runner/work/builds/builds/Slimefun5/ExoticGarden/stable/files/build.gradle.kts:55:2: Expecting an element
e: file:///home/runner/work/builds/builds/Slimefun5/ExoticGarden/stable/files/build.gradle.kts:55:3: Expecting an element
e: file:///home/runner/work/builds/builds/Slimefun5/ExoticGarden/stable/files/build.gradle.kts:55:4: Expecting an element
e: file:///home/runner/work/builds/builds/Slimefun5/ExoticGarden/stable/files/build.gradle.kts:55:5: Expecting an element
e: file:///home/runner/work/builds/builds/Slimefun5/ExoticGarden/stable/files/build.gradle.kts:55:6: Expecting an element
e: file:///home/runner/work/builds/builds/Slimefun5/ExoticGarden/stable/files/build.gradle.kts:55:7: Expecting an element
e: file:///home/runner/work/builds/builds/Slimefun5/ExoticGarden/stable/files/build.gradle.kts:72:1: Expecting an element
e: file:///home/runner/work/builds/builds/Slimefun5/ExoticGarden/stable/files/build.gradle.kts:90:1: Expecting an element
e: file:///home/runner/work/builds/builds/Slimefun5/ExoticGarden/stable/files/build.gradle.kts:72:2: Unexpected tokens (use ';' to separate expressions on the same line)
e: file:///home/runner/work/builds/builds/Slimefun5/ExoticGarden/stable/files/build.gradle.kts:90:4: Unexpected tokens (use ';' to separate expressions on the same line)
e: file:///home/runner/work/builds/builds/Slimefun5/ExoticGarden/stable/files/build.gradle.kts:94:1: Expecting an element
e: file:///home/runner/work/builds/builds/Slimefun5/ExoticGarden/stable/files/build.gradle.kts:94:2: Unexpected tokens (use ';' to separate expressions on the same line)

FAILURE: Build failed with an exception.

* Where:
Build file '/home/runner/work/builds/builds/Slimefun5/ExoticGarden/stable/files/build.gradle.kts' line: 9

* What went wrong:
Script compilation errors:

  Line 09: <<<<<<< HEAD
           ^ Expecting an element

  Line 09: <<<<<<< HEAD
            ^ Expecting an element

  Line 09: <<<<<<< HEAD
             ^ Expecting an element

  Line 09: <<<<<<< HEAD
              ^ Expecting an element

  Line 09: <<<<<<< HEAD
               ^ Expecting an element

  Line 09: <<<<<<< HEAD
                ^ Expecting an element

  Line 09: <<<<<<< HEAD
                 ^ Expecting an element

  Line 54: =======
           ^ Expecting an element

  Line 54: =======
              ^ Expecting an element

  Line 54: =======
                 ^ Expecting an element

  Line 55: >>>>>>> origin/experimental
           ^ Expecting an element

  Line 55: >>>>>>> origin/experimental
            ^ Expecting an element

  Line 55: >>>>>>> origin/experimental
             ^ Expecting an element

  Line 55: >>>>>>> origin/experimental
              ^ Expecting an element

  Line 55: >>>>>>> origin/experimental
               ^ Expecting an element

  Line 55: >>>>>>> origin/experimental
                ^ Expecting an element

  Line 55: >>>>>>> origin/experimental
                 ^ Expecting an element

  Line 72: <<<<<<< HEAD
           ^ Expecting an element

  Line 72: <<<<<<< HEAD
            ^ Unexpected tokens (use ';' to separate expressions on the same line)

  Line 90: =======
           ^ Expecting an element

  Line 90: =======
              ^ Unexpected tokens (use ';' to separate expressions on the same line)

  Line 94: >>>>>>> origin/experimental
           ^ Expecting an element

  Line 94: >>>>>>> origin/experimental
            ^ Unexpected tokens (use ';' to separate expressions on the same line)

23 errors

* Try:
> Run with --stacktrace option to get the stack trace.
> Run with --info or --debug option to get more log output.
> Run with --scan to get full insights from a Build Scan (powered by Develocity).
> Get more help at https://help.gradle.org.

BUILD FAILED in 11s
