To honour the JVM settings for this build a single-use Daemon process will be forked. For more on this, please refer to https://docs.gradle.org/9.3.1/userguide/gradle_daemon.html#sec:disabling_the_daemon in the Gradle documentation.
Daemon will be stopped at the end of the build 

> Configure project :
e: file:///home/runner/work/builds/builds/Slimefun5/Galactifun/stable/files/build.gradle.kts:44:1: Expecting an element
e: file:///home/runner/work/builds/builds/Slimefun5/Galactifun/stable/files/build.gradle.kts:44:2: Unexpected tokens (use ';' to separate expressions on the same line)
e: file:///home/runner/work/builds/builds/Slimefun5/Galactifun/stable/files/build.gradle.kts:47:1: Expecting an element
e: file:///home/runner/work/builds/builds/Slimefun5/Galactifun/stable/files/build.gradle.kts:47:4: Unexpected tokens (use ';' to separate expressions on the same line)
e: file:///home/runner/work/builds/builds/Slimefun5/Galactifun/stable/files/build.gradle.kts:50:1: Expecting an element
e: file:///home/runner/work/builds/builds/Slimefun5/Galactifun/stable/files/build.gradle.kts:50:2: Unexpected tokens (use ';' to separate expressions on the same line)
e: file:///home/runner/work/builds/builds/Slimefun5/Galactifun/stable/files/build.gradle.kts:57:1: Expecting an element
e: file:///home/runner/work/builds/builds/Slimefun5/Galactifun/stable/files/build.gradle.kts:57:2: Unexpected tokens (use ';' to separate expressions on the same line)
e: file:///home/runner/work/builds/builds/Slimefun5/Galactifun/stable/files/build.gradle.kts:58:1: Expecting an element
e: file:///home/runner/work/builds/builds/Slimefun5/Galactifun/stable/files/build.gradle.kts:58:4: Unexpected tokens (use ';' to separate expressions on the same line)
e: file:///home/runner/work/builds/builds/Slimefun5/Galactifun/stable/files/build.gradle.kts:60:1: Expecting an element
e: file:///home/runner/work/builds/builds/Slimefun5/Galactifun/stable/files/build.gradle.kts:60:2: Unexpected tokens (use ';' to separate expressions on the same line)

FAILURE: Build failed with an exception.

* Where:
Build file '/home/runner/work/builds/builds/Slimefun5/Galactifun/stable/files/build.gradle.kts' line: 44

* What went wrong:
Script compilation errors:

  Line 44: <<<<<<< HEAD
           ^ Expecting an element

  Line 44: <<<<<<< HEAD
            ^ Unexpected tokens (use ';' to separate expressions on the same line)

  Line 47: =======
           ^ Expecting an element

  Line 47: =======
              ^ Unexpected tokens (use ';' to separate expressions on the same line)

  Line 50: >>>>>>> origin/experimental
           ^ Expecting an element

  Line 50: >>>>>>> origin/experimental
            ^ Unexpected tokens (use ';' to separate expressions on the same line)

  Line 57: <<<<<<< HEAD
           ^ Expecting an element

  Line 57: <<<<<<< HEAD
            ^ Unexpected tokens (use ';' to separate expressions on the same line)

  Line 58: =======
           ^ Expecting an element

  Line 58: =======
              ^ Unexpected tokens (use ';' to separate expressions on the same line)

  Line 60: >>>>>>> origin/experimental
           ^ Expecting an element

  Line 60: >>>>>>> origin/experimental
            ^ Unexpected tokens (use ';' to separate expressions on the same line)

12 errors

* Try:
> Run with --stacktrace option to get the stack trace.
> Run with --info or --debug option to get more log output.
> Run with --scan to get full insights from a Build Scan (powered by Develocity).
> Get more help at https://help.gradle.org.

BUILD FAILED in 10s
