To honour the JVM settings for this build a single-use Daemon process will be forked. For more on this, please refer to https://docs.gradle.org/9.3.1/userguide/gradle_daemon.html#sec:disabling_the_daemon in the Gradle documentation.
Daemon will be stopped at the end of the build 

> Task :compileJava FAILED
/home/runner/work/builds/builds/Slimefun5/LiteXpansion/experimental/files/src/main/java/dev/j3fftw/litexpansion/LiteXpansion.java:40: error: <identifier> expected
        final         metricsService.setup(metrics);
                                          ^
/home/runner/work/builds/builds/Slimefun5/LiteXpansion/experimental/files/src/main/java/dev/j3fftw/litexpansion/LiteXpansion.java:40: error: not a statement
        final         metricsService.setup(metrics);
                                           ^
/home/runner/work/builds/builds/Slimefun5/LiteXpansion/experimental/files/src/main/java/dev/j3fftw/litexpansion/LiteXpansion.java:40: error: ';' expected
        final         metricsService.setup(metrics);
                                                  ^
3 errors

[Incubating] Problems report is available at: file:///home/runner/work/builds/builds/Slimefun5/LiteXpansion/experimental/files/build/reports/problems/problems-report.html

FAILURE: Build failed with an exception.

* What went wrong:
Execution failed for task ':compileJava'.
> Compilation failed; see the compiler output below.
  /home/runner/work/builds/builds/Slimefun5/LiteXpansion/experimental/files/src/main/java/dev/j3fftw/litexpansion/LiteXpansion.java:40: error: <identifier> expected
          final         metricsService.setup(metrics);
                                            ^
  3 errors

* Try:
> Check your code and dependencies to fix the compilation error(s)
> Run with --scan to get full insights from a Build Scan (powered by Develocity).

BUILD FAILED in 12s
1 actionable task: 1 executed
