To honour the JVM settings for this build a single-use Daemon process will be forked. For more on this, please refer to https://docs.gradle.org/9.3.1/userguide/gradle_daemon.html#sec:disabling_the_daemon in the Gradle documentation.
Daemon will be stopped at the end of the build 

> Task :compileJava
    public AbstractAddon(JavaPluginLoader loader, PluginDescriptionFile description, File dataFolder, File file,
                         ^
/home/runner/work/builds/builds/Slimefun5/InfinityLib/stable/files/src/main/java/io/github/mooy1/infinitylib/core/AbstractAddon.java:69: warning: [removal] JavaPluginLoader in org.bukkit.plugin.java has been deprecated and marked for removal
/home/runner/work/builds/builds/Slimefun5/InfinityLib/stable/files/src/main/java/io/github/mooy1/infinitylib/core/AbstractAddon.java:77: warning: [removal] JavaPluginLoader in org.bukkit.plugin.java has been deprecated and marked for removal
    AbstractAddon(JavaPluginLoader loader, PluginDescriptionFile description, File dataFolder, File file,
                  ^
/home/runner/work/builds/builds/Slimefun5/InfinityLib/stable/files/src/main/java/io/github/mooy1/infinitylib/core/AbstractAddon.java:80: warning: [removal] JavaPlugin(JavaPluginLoader,PluginDescriptionFile,File,File) in JavaPlugin has been deprecated and marked for removal
        super(loader, description, dataFolder, file);
        ^
Note: Some input files use or override a deprecated API.
Note: Recompile with -Xlint:deprecation for details.
3 warnings

> Task :generateGithubDependencyMetadata
> Task :processGitHubResources
> Task :processResources
> Task :classes
> Task :jar SKIPPED
> Task :shadowJar
> Task :assemble
> Task :check
> Task :build

[Incubating] Problems report is available at: file:///home/runner/work/builds/builds/Slimefun5/InfinityLib/stable/files/build/reports/problems/problems-report.html

BUILD SUCCESSFUL in 18s
5 actionable tasks: 5 executed
Consider enabling configuration cache to speed up this build: https://docs.gradle.org/9.3.1/userguide/configuration_cache_enabling.html
