To honour the JVM settings for this build a single-use Daemon process will be forked. For more on this, please refer to https://docs.gradle.org/9.3.1/userguide/gradle_daemon.html#sec:disabling_the_daemon in the Gradle documentation.
Daemon will be stopped at the end of the build 

> Configure project :
Downloading dependency from Slimefun5/InfinityExpansion
Download completed for dependency Slimefun5/InfinityExpansion

> Task :compileJava

> Task :generateGithubDependencyMetadata
> Task :processGitHubResources
Note: /home/runner/work/builds/builds/Slimefun5/FastMachines/experimental/files/src/main/java/net/guizhanss/fastmachines/core/services/LocalizationService.java uses or overrides a deprecated API.
Note: Recompile with -Xlint:deprecation for details.
> Task :processResources
> Task :classes
> Task :jar SKIPPED
> Task :compileTestJava SKIPPED
> Task :shadowJar
> Task :assemble
> Task :check
> Task :build

[Incubating] Problems report is available at: file:///home/runner/work/builds/builds/Slimefun5/FastMachines/experimental/files/build/reports/problems/problems-report.html

BUILD SUCCESSFUL in 13s
5 actionable tasks: 5 executed
Consider enabling configuration cache to speed up this build: https://docs.gradle.org/9.3.1/userguide/configuration_cache_enabling.html
