To honour the JVM settings for this build a single-use Daemon process will be forked. For more on this, please refer to https://docs.gradle.org/9.3.1/userguide/gradle_daemon.html#sec:disabling_the_daemon in the Gradle documentation.
Daemon will be stopped at the end of the build 

> Configure project :
Downloading dependency from Slimefun5/InfinityExpansion
Download completed for dependency Slimefun5/InfinityExpansion

> Task :compileJava
/home/runner/work/builds/builds/Slimefun5/FastMachines/experimental/files/src/main/java/net/guizhanss/fastmachines/libs/guizhanlib/slimefun/machines/MenuBlockPreset.java:30: error: cannot find symbol
        optOutOfHeaderItem();
        ^
  symbol:   method optOutOfHeaderItem()
  location: class net.guizhanss.fastmachines.libs.guizhanlib.slimefun.machines.MenuBlockPreset
Note: /home/runner/work/builds/builds/Slimefun5/FastMachines/experimental/files/src/main/java/net/guizhanss/fastmachines/core/services/LocalizationService.java uses or overrides a deprecated API.
Note: Recompile with -Xlint:deprecation for details.
1 error

> Task :compileJava FAILED

[Incubating] Problems report is available at: file:///home/runner/work/builds/builds/Slimefun5/FastMachines/experimental/files/build/reports/problems/problems-report.html

FAILURE: Build failed with an exception.

* What went wrong:
Execution failed for task ':compileJava'.
> Compilation failed; see the compiler output below.
  /home/runner/work/builds/builds/Slimefun5/FastMachines/experimental/files/src/main/java/net/guizhanss/fastmachines/libs/guizhanlib/slimefun/machines/MenuBlockPreset.java:30: error: cannot find symbol
          optOutOfHeaderItem();
          ^
    symbol:   method optOutOfHeaderItem()
    location: class net.guizhanss.fastmachines.libs.guizhanlib.slimefun.machines.MenuBlockPreset
  1 error

* Try:
> Check your code and dependencies to fix the compilation error(s)
> Run with --scan to get full insights from a Build Scan (powered by Develocity).

BUILD FAILED in 16s
1 actionable task: 1 executed
