Downloading https://services.gradle.org/distributions/gradle-9.3.1-bin.zip
.............10%.............20%.............30%.............40%.............50%.............60%.............70%.............80%.............90%.............100%

Welcome to Gradle 9.3.1!

Here are the highlights of this release:
 - Test reporting improvements
 - Error and warning improvements
 - Build authoring improvements

For more details see https://docs.gradle.org/9.3.1/release-notes.html

To honour the JVM settings for this build a single-use Daemon process will be forked. For more on this, please refer to https://docs.gradle.org/9.3.1/userguide/gradle_daemon.html#sec:disabling_the_daemon in the Gradle documentation.
Daemon will be stopped at the end of the build 

> Configure project :core
Downloading dependency from Slimefun5/dough
Download completed for dependency Slimefun5/dough
Downloading dependency from Slimefun5/dough
Download completed for dependency Slimefun5/dough
Downloading dependency from Slimefun5/dough
Download completed for dependency Slimefun5/dough
Downloading dependency from Slimefun5/dough
Download completed for dependency Slimefun5/dough
Downloading dependency from Slimefun5/dough
Download completed for dependency Slimefun5/dough
Downloading dependency from Slimefun5/dough
Download completed for dependency Slimefun5/dough
Downloading dependency from Slimefun5/dough
Download completed for dependency Slimefun5/dough
Downloading dependency from Slimefun5/dough
Download completed for dependency Slimefun5/dough
Downloading dependency from Slimefun5/dough
Download completed for dependency Slimefun5/dough
Downloading dependency from Slimefun5/dough
Download completed for dependency Slimefun5/dough
Downloading dependency from Slimefun5/dough
Download completed for dependency Slimefun5/dough

> Task :stubs:compileJava
> Task :stubs:processResources NO-SOURCE
> Task :stubs:classes
> Task :stubs:jar

> Task :core:compileJava
/home/runner/work/builds/builds/Slimefun5/Slimefun5/feature/java8-universal-jar/files/core/src/main/java/io/github/thebusybiscuit/slimefun5/core/guide/options/SlimefunGuideSettings.java:36: error: cannot find symbol
import me.mrCookieSlime.CSCoreLibPlugin.general.Inventory.MenuClickHandler;
                                                         ^
  symbol:   class MenuClickHandler
  location: package me.mrCookieSlime.CSCoreLibPlugin.general.Inventory
/home/runner/work/builds/builds/Slimefun5/Slimefun5/feature/java8-universal-jar/files/core/src/main/java/io/github/thebusybiscuit/slimefun5/core/guide/options/SlimefunGuideSettings.java:246: error: cannot find symbol
        private final MenuClickHandler handler;
                      ^
  symbol:   class MenuClickHandler
  location: class io.github.thebusybiscuit.slimefun5.core.guide.options.SlimefunGuideSettings.PanelButton
/home/runner/work/builds/builds/Slimefun5/Slimefun5/feature/java8-universal-jar/files/core/src/main/java/io/github/thebusybiscuit/slimefun5/core/guide/options/SlimefunGuideSettings.java:248: error: cannot find symbol
        private PanelButton(@Nonnull ItemStack item, @Nonnull MenuClickHandler handler) {
                                                              ^
  symbol:   class MenuClickHandler
  location: class io.github.thebusybiscuit.slimefun5.core.guide.options.SlimefunGuideSettings.PanelButton
Note: Some input files use or override a deprecated API.
Note: Recompile with -Xlint:deprecation for details.
Note: /home/runner/work/builds/builds/Slimefun5/Slimefun5/feature/java8-universal-jar/files/core/src/main/java/io/github/thebusybiscuit/slimefun5/implementation/items/tools/ExplosiveTool.java uses unchecked or unsafe operations.
Note: Recompile with -Xlint:unchecked for details.
3 errors

> Task :core:compileJava FAILED

[Incubating] Problems report is available at: file:///home/runner/work/builds/builds/Slimefun5/Slimefun5/feature/java8-universal-jar/files/build/reports/problems/problems-report.html

FAILURE: Build failed with an exception.

* What went wrong:
Execution failed for task ':core:compileJava'.
> Compilation failed; see the compiler output below.
  /home/runner/work/builds/builds/Slimefun5/Slimefun5/feature/java8-universal-jar/files/core/src/main/java/io/github/thebusybiscuit/slimefun5/core/guide/options/SlimefunGuideSettings.java:36: error: cannot find symbol
  import me.mrCookieSlime.CSCoreLibPlugin.general.Inventory.MenuClickHandler;
                                                           ^
    symbol:   class MenuClickHandler
    location: package me.mrCookieSlime.CSCoreLibPlugin.general.Inventory
  3 errors

* Try:
> Check your code and dependencies to fix the compilation error(s)
> Run with --scan to get full insights from a Build Scan (powered by Develocity).

BUILD FAILED in 1m 9s
3 actionable tasks: 3 executed
