To honour the JVM settings for this build a single-use Daemon process will be forked. For more on this, please refer to https://docs.gradle.org/9.3.1/userguide/gradle_daemon.html#sec:disabling_the_daemon in the Gradle documentation.
Daemon will be stopped at the end of the build 

> Configure project :
e: file:///home/runner/work/builds/builds/Slimefun5/MissileWarfare/stable/files/build.gradle.kts:36:1: Expecting an element
e: file:///home/runner/work/builds/builds/Slimefun5/MissileWarfare/stable/files/build.gradle.kts:36:2: Unexpected tokens (use ';' to separate expressions on the same line)
e: file:///home/runner/work/builds/builds/Slimefun5/MissileWarfare/stable/files/build.gradle.kts:38:1: Expecting an element
e: file:///home/runner/work/builds/builds/Slimefun5/MissileWarfare/stable/files/build.gradle.kts:38:4: Unexpected tokens (use ';' to separate expressions on the same line)
e: file:///home/runner/work/builds/builds/Slimefun5/MissileWarfare/stable/files/build.gradle.kts:40:1: Expecting an element
e: file:///home/runner/work/builds/builds/Slimefun5/MissileWarfare/stable/files/build.gradle.kts:40:2: Unexpected tokens (use ';' to separate expressions on the same line)
e: file:///home/runner/work/builds/builds/Slimefun5/MissileWarfare/stable/files/build.gradle.kts:81:1: Expecting an element
e: file:///home/runner/work/builds/builds/Slimefun5/MissileWarfare/stable/files/build.gradle.kts:81:2: Unexpected tokens (use ';' to separate expressions on the same line)
e: file:///home/runner/work/builds/builds/Slimefun5/MissileWarfare/stable/files/build.gradle.kts:83:1: Expecting an element
e: file:///home/runner/work/builds/builds/Slimefun5/MissileWarfare/stable/files/build.gradle.kts:83:4: Unexpected tokens (use ';' to separate expressions on the same line)
e: file:///home/runner/work/builds/builds/Slimefun5/MissileWarfare/stable/files/build.gradle.kts:86:1: Expecting an element
e: file:///home/runner/work/builds/builds/Slimefun5/MissileWarfare/stable/files/build.gradle.kts:86:2: Unexpected tokens (use ';' to separate expressions on the same line)

FAILURE: Build failed with an exception.

* Where:
Build file '/home/runner/work/builds/builds/Slimefun5/MissileWarfare/stable/files/build.gradle.kts' line: 36

* What went wrong:
Script compilation errors:

  Line 36: <<<<<<< HEAD
           ^ Expecting an element

  Line 36: <<<<<<< HEAD
            ^ Unexpected tokens (use ';' to separate expressions on the same line)

  Line 38: =======
           ^ Expecting an element

  Line 38: =======
              ^ Unexpected tokens (use ';' to separate expressions on the same line)

  Line 40: >>>>>>> origin/experimental
           ^ Expecting an element

  Line 40: >>>>>>> origin/experimental
            ^ Unexpected tokens (use ';' to separate expressions on the same line)

  Line 81: <<<<<<< HEAD
           ^ Expecting an element

  Line 81: <<<<<<< HEAD
            ^ Unexpected tokens (use ';' to separate expressions on the same line)

  Line 83: =======
           ^ Expecting an element

  Line 83: =======
              ^ Unexpected tokens (use ';' to separate expressions on the same line)

  Line 86: >>>>>>> origin/experimental
           ^ Expecting an element

  Line 86: >>>>>>> origin/experimental
            ^ Unexpected tokens (use ';' to separate expressions on the same line)

12 errors

* Try:
> Run with --stacktrace option to get the stack trace.
> Run with --info or --debug option to get more log output.
> Run with --scan to get full insights from a Build Scan (powered by Develocity).
> Get more help at https://help.gradle.org.

BUILD FAILED in 10s
