To honour the JVM settings for this build a single-use Daemon process will be forked. For more on this, please refer to https://docs.gradle.org/9.3.1/userguide/gradle_daemon.html#sec:disabling_the_daemon in the Gradle documentation.
Daemon will be stopped at the end of the build 
FAILURE: Build failed with an exception.

* What went wrong:

Could not determine the dependencies of task ':shadowJar'.
> Could not resolve all dependencies for configuration ':runtimeClasspath'.
   > Could not resolve com.github.Slimefun5:SlimefunMetrics:master-SNAPSHOT.
     Required by:
         root project 'sfadvancements'
      > Could not resolve com.github.Slimefun5:SlimefunMetrics:master-SNAPSHOT.
         > Unable to load Maven meta-data from https://repo.papermc.io/repository/maven-public/com/github/Slimefun5/SlimefunMetrics/master-SNAPSHOT/maven-metadata.xml.
            > Could not GET 'https://repo.papermc.io/repository/maven-public/com/github/Slimefun5/SlimefunMetrics/master-SNAPSHOT/maven-metadata.xml'. Received status code 503 from server: Service Unavailable
   > Could not resolve com.github.qwertyuioplkjhgfd:AdvancementAPI:f243bdaf75.
     Required by:
         root project 'sfadvancements'
      > Could not resolve com.github.qwertyuioplkjhgfd:AdvancementAPI:f243bdaf75.
         > Could not get resource 'https://repo.papermc.io/repository/maven-public/com/github/qwertyuioplkjhgfd/AdvancementAPI/f243bdaf75/AdvancementAPI-f243bdaf75.pom'.
            > Could not GET 'https://repo.papermc.io/repository/maven-public/com/github/qwertyuioplkjhgfd/AdvancementAPI/f243bdaf75/AdvancementAPI-f243bdaf75.pom'. Received status code 503 from server: Service Unavailable

* Try:
> Run with --stacktrace option to get the stack trace.
> Run with --info or --debug option to get more log output.
> Run with --scan to get full insights from a Build Scan (powered by Develocity).
> Get more help at https://help.gradle.org.

BUILD FAILED in 27s
