To honour the JVM settings for this build a single-use Daemon process will be forked. For more on this, please refer to https://docs.gradle.org/9.3.1/userguide/gradle_daemon.html#sec:disabling_the_daemon in the Gradle documentation.
Daemon will be stopped at the end of the build 

> Task :compileJava
/home/runner/work/builds/builds/Slimefun5/FluffyMachines/experimental/files/src/main/java/io/ncbpfluffybear/fluffymachines/objects/AutoCrafter.java:71: error: cannot find symbol
                optOutOfHeaderItem();
                ^
  symbol: method optOutOfHeaderItem()
/home/runner/work/builds/builds/Slimefun5/FluffyMachines/experimental/files/src/main/java/io/ncbpfluffybear/fluffymachines/multiblocks/components/SuperheatedFurnace.java:92: error: cannot find symbol
                optOutOfHeaderItem(ChatColor.RED);
                ^
  symbol: method optOutOfHeaderItem(org.bukkit.ChatColor)
/home/runner/work/builds/builds/Slimefun5/FluffyMachines/experimental/files/src/main/java/io/ncbpfluffybear/fluffymachines/machines/AdvancedAutoDisenchanter.java:82: error: cannot find symbol
                optOutOfHeaderItem(ChatColor.RED);
                ^
  symbol: method optOutOfHeaderItem(org.bukkit.ChatColor)
/home/runner/work/builds/builds/Slimefun5/FluffyMachines/experimental/files/src/main/java/io/ncbpfluffybear/fluffymachines/machines/AutoCraftingTable.java:68: error: cannot find symbol
                optOutOfHeaderItem(ChatColor.GOLD);
                ^
  symbol: method optOutOfHeaderItem(org.bukkit.ChatColor)
/home/runner/work/builds/builds/Slimefun5/FluffyMachines/experimental/files/src/main/java/io/ncbpfluffybear/fluffymachines/machines/SmartFactory.java:126: error: cannot find symbol
                optOutOfHeaderItem(ChatColor.RED);
                ^
  symbol: method optOutOfHeaderItem(org.bukkit.ChatColor)
/home/runner/work/builds/builds/Slimefun5/FluffyMachines/experimental/files/src/main/java/io/ncbpfluffybear/fluffymachines/machines/WaterSprinkler.java:53: error: no suitable method found for createPreset(io.ncbpfluffybear.fluffymachines.machines.WaterSprinkler,java.lang.String,org.bukkit.ChatColor,(blockMenu[...]m); })
        createPreset(this, "&bWater Sprinkler", ChatColor.AQUA,
        ^
    method me.mrCookieSlime.Slimefun.Objects.SlimefunItem.interfaces.InventoryBlock.createPreset(io.github.thebusybiscuit.slimefun5.api.items.SlimefunItem,java.util.function.Consumer<me.mrCookieSlime.Slimefun.api.inventory.BlockMenuPreset>) is not applicable
      (actual and formal argument lists differ in length)
    method me.mrCookieSlime.Slimefun.Objects.SlimefunItem.interfaces.InventoryBlock.createPreset(io.github.thebusybiscuit.slimefun5.api.items.SlimefunItem,java.lang.String,java.util.function.Consumer<me.mrCookieSlime.Slimefun.api.inventory.BlockMenuPreset>) is not applicable
      (actual and formal argument lists differ in length)
/home/runner/work/builds/builds/Slimefun5/FluffyMachines/experimental/files/src/main/java/io/ncbpfluffybear/fluffymachines/machines/BackpackLoader.java:61: error: cannot find symbol
                optOutOfHeaderItem(ChatColor.YELLOW);
                ^
  symbol: method optOutOfHeaderItem(org.bukkit.ChatColor)
/home/runner/work/builds/builds/Slimefun5/FluffyMachines/experimental/files/src/main/java/io/ncbpfluffybear/fluffymachines/machines/AutoTableSaw.java:79: error: cannot find symbol
                optOutOfHeaderItem(ChatColor.GOLD);
                ^
  symbol: method optOutOfHeaderItem(org.bukkit.ChatColor)
/home/runner/work/builds/builds/Slimefun5/FluffyMachines/experimental/files/src/main/java/io/ncbpfluffybear/fluffymachines/machines/BackpackUnloader.java:54: error: cannot find symbol
                optOutOfHeaderItem(ChatColor.YELLOW);
                ^
  symbol: method optOutOfHeaderItem(org.bukkit.ChatColor)
/home/runner/work/builds/builds/Slimefun5/FluffyMachines/experimental/files/src/main/java/io/ncbpfluffybear/fluffymachines/machines/AutoAncientAltar.java:78: error: cannot find symbol
                optOutOfHeaderItem(ChatColor.DARK_PURPLE);
                ^
  symbol: method optOutOfHeaderItem(org.bukkit.ChatColor)
/home/runner/work/builds/builds/Slimefun5/FluffyMachines/experimental/files/src/main/java/io/ncbpfluffybear/fluffymachines/items/Barrel.java:100: error: cannot find symbol
                optOutOfHeaderItem();
                ^
  symbol: method optOutOfHeaderItem()
Note: Some input files use or override a deprecated API.
Note: Recompile with -Xlint:deprecation for details.
11 errors

> Task :compileJava

[Incubating] Problems report is available at: file:///home/runner/work/builds/builds/Slimefun5/FluffyMachines/experimental/files/build/reports/problems/problems-report.html
1 actionable task: 1 executed
 FAILED
FAILURE: Build failed with an exception.

* What went wrong:
Execution failed for task ':compileJava'.
> Compilation failed; see the compiler output below.
  /home/runner/work/builds/builds/Slimefun5/FluffyMachines/experimental/files/src/main/java/io/ncbpfluffybear/fluffymachines/objects/AutoCrafter.java:71: error: cannot find symbol
                  optOutOfHeaderItem();
                  ^
    symbol: method optOutOfHeaderItem()
  11 errors

* Try:
> Check your code and dependencies to fix the compilation error(s)
> Run with --scan to get full insights from a Build Scan (powered by Develocity).

BUILD FAILED in 21s
