To honour the JVM settings for this build a single-use Daemon process will be forked. For more on this, please refer to https://docs.gradle.org/9.3.1/userguide/gradle_daemon.html#sec:disabling_the_daemon in the Gradle documentation.
Daemon will be stopped at the end of the build 

> Configure project :
e: file:///home/runner/work/builds/builds/Slimefun5/LuckyBlocks/stable/files/build.gradle.kts:34:1: Expecting an element
e: file:///home/runner/work/builds/builds/Slimefun5/LuckyBlocks/stable/files/build.gradle.kts:34:2: Unexpected tokens (use ';' to separate expressions on the same line)
e: file:///home/runner/work/builds/builds/Slimefun5/LuckyBlocks/stable/files/build.gradle.kts:37:1: Expecting an element
e: file:///home/runner/work/builds/builds/Slimefun5/LuckyBlocks/stable/files/build.gradle.kts:37:4: Unexpected tokens (use ';' to separate expressions on the same line)
e: file:///home/runner/work/builds/builds/Slimefun5/LuckyBlocks/stable/files/build.gradle.kts:40:1: Expecting an element
e: file:///home/runner/work/builds/builds/Slimefun5/LuckyBlocks/stable/files/build.gradle.kts:40:2: Unexpected tokens (use ';' to separate expressions on the same line)
e: file:///home/runner/work/builds/builds/Slimefun5/LuckyBlocks/stable/files/build.gradle.kts:75:1: Expecting an element
e: file:///home/runner/work/builds/builds/Slimefun5/LuckyBlocks/stable/files/build.gradle.kts:75:2: Unexpected tokens (use ';' to separate expressions on the same line)
e: file:///home/runner/work/builds/builds/Slimefun5/LuckyBlocks/stable/files/build.gradle.kts:77:1: Expecting an element
e: file:///home/runner/work/builds/builds/Slimefun5/LuckyBlocks/stable/files/build.gradle.kts:77:4: Unexpected tokens (use ';' to separate expressions on the same line)
e: file:///home/runner/work/builds/builds/Slimefun5/LuckyBlocks/stable/files/build.gradle.kts:80:1: Expecting an element
e: file:///home/runner/work/builds/builds/Slimefun5/LuckyBlocks/stable/files/build.gradle.kts:80:2: Unexpected tokens (use ';' to separate expressions on the same line)

FAILURE: Build failed with an exception.

* Where:
Build file '/home/runner/work/builds/builds/Slimefun5/LuckyBlocks/stable/files/build.gradle.kts' line: 34

* What went wrong:
Script compilation errors:

  Line 34: <<<<<<< HEAD
           ^ Expecting an element

  Line 34: <<<<<<< HEAD
            ^ Unexpected tokens (use ';' to separate expressions on the same line)

  Line 37: =======
           ^ Expecting an element

  Line 37: =======
              ^ Unexpected tokens (use ';' to separate expressions on the same line)

  Line 40: >>>>>>> origin/experimental
           ^ Expecting an element

  Line 40: >>>>>>> origin/experimental
            ^ Unexpected tokens (use ';' to separate expressions on the same line)

  Line 75: <<<<<<< HEAD
           ^ Expecting an element

  Line 75: <<<<<<< HEAD
            ^ Unexpected tokens (use ';' to separate expressions on the same line)

  Line 77: =======
           ^ Expecting an element

  Line 77: =======
              ^ Unexpected tokens (use ';' to separate expressions on the same line)

  Line 80: >>>>>>> origin/experimental
           ^ Expecting an element

  Line 80: >>>>>>> origin/experimental
            ^ Unexpected tokens (use ';' to separate expressions on the same line)

12 errors

* Try:
> Run with --stacktrace option to get the stack trace.
> Run with --info or --debug option to get more log output.
> Run with --scan to get full insights from a Build Scan (powered by Develocity).
> Get more help at https://help.gradle.org.

BUILD FAILED in 10s
