Downloading https://services.gradle.org/distributions/gradle-9.3.1-bin.zip
.............10%.............20%.............30%.............40%.............50%.............60%.............70%.............80%.............90%.............100%

Welcome to Gradle 9.3.1!

Here are the highlights of this release:
 - Test reporting improvements
 - Error and warning improvements
 - Build authoring improvements

For more details see https://docs.gradle.org/9.3.1/release-notes.html

To honour the JVM settings for this build a single-use Daemon process will be forked. For more on this, please refer to https://docs.gradle.org/9.3.1/userguide/gradle_daemon.html#sec:disabling_the_daemon in the Gradle documentation.
Daemon will be stopped at the end of the build 

> Configure project :
Downloading dependency from Slimefun5/Slimefun5
Download completed for dependency Slimefun5/Slimefun5

> Task :compileJava
/home/runner/work/builds/builds/Slimefun5/SlimeTinker/stable/files/src/main/java/io/github/sefiraat/slimetinker/listeners/FakeItemDamageEvent.java:9: warning: [removal] PlayerItemDamageEvent(@org.jetbrains.annotations.NotNull Player,@org.jetbrains.annotations.NotNull ItemStack,int) in PlayerItemDamageEvent has been deprecated and marked for removal
        super(player, what, damage);
        ^
Note: Some input files use or override a deprecated API.
Note: Recompile with -Xlint:deprecation for details.
Note: /home/runner/work/builds/builds/Slimefun5/SlimeTinker/stable/files/src/main/java/io/github/sefiraat/slimetinker/utils/EntityUtils.java uses unchecked or unsafe operations.
Note: Recompile with -Xlint:unchecked for details.
1 warning

> Task :generateGithubDependencyMetadata
> Task :processGitHubResources
> Task :processResources
> Task :classes
> Task :jar SKIPPED
> Task :shadowJar
> Task :assemble
> Task :check
> Task :build

[Incubating] Problems report is available at: file:///home/runner/work/builds/builds/Slimefun5/SlimeTinker/stable/files/build/reports/problems/problems-report.html

Deprecated Gradle features were used in this build, making it incompatible with Gradle 10.

You can use '--warning-mode all' to show the individual deprecation warnings and determine if they come from your own scripts or plugins.

For more on this, please refer to https://docs.gradle.org/9.3.1/userguide/command_line_interface.html#sec:command_line_warnings in the Gradle documentation.

BUILD SUCCESSFUL in 1m 6s
5 actionable tasks: 5 executed
