To honour the JVM settings for this build a single-use Daemon process will be forked. For more on this, please refer to https://docs.gradle.org/9.3.1/userguide/gradle_daemon.html#sec:disabling_the_daemon in the Gradle documentation.
Daemon will be stopped at the end of the build 

> Configure project :
Downloading dependency from Slimefun5/InfinityExpansion
Download completed for dependency Slimefun5/InfinityExpansion

> Task :compileJava
/home/runner/work/builds/builds/Slimefun5/Networks/experimental/files/src/main/java/io/github/sefiraat/networks/slimefun/network/NetworkVanillaGrabber.java:123: warning: [removal] getBasePotionData() in PotionMeta has been deprecated and marked for removal
                    if (potionMeta.getBasePotionData().getType() != PotionType.WATER) {
                                  ^
/home/runner/work/builds/builds/Slimefun5/Networks/experimental/files/src/main/java/io/github/sefiraat/networks/slimefun/network/NetworkControlV.java:144: warning: [removal] getPlaceStore() in mcMMO has been deprecated and marked for removal
                mcMMO.getPlaceStore().setTrue(targetBlock);
                     ^
/home/runner/work/builds/builds/Slimefun5/Networks/experimental/files/src/main/java/io/github/sefiraat/networks/utils/StackUtils.java:270: warning: [removal] getBasePotionData() in PotionMeta has been deprecated and marked for removal
            if (!instanceOne.getBasePotionData().equals(instanceTwo.getBasePotionData())) {
                            ^
/home/runner/work/builds/builds/Slimefun5/Networks/experimental/files/src/main/java/io/github/sefiraat/networks/utils/StackUtils.java:270: warning: [removal] getBasePotionData() in PotionMeta has been deprecated and marked for removal
            if (!instanceOne.getBasePotionData().equals(instanceTwo.getBasePotionData())) {
                                                                   ^
Note: Some input files use or override a deprecated API.
Note: Recompile with -Xlint:deprecation for details.
4 warnings

> Task :generateGithubDependencyMetadata
> Task :processGitHubResources
> Task :processResources
> Task :classes
> Task :jar SKIPPED
> Task :shadowJar
> Task :assemble
> Task :check
> Task :build

[Incubating] Problems report is available at: file:///home/runner/work/builds/builds/Slimefun5/Networks/experimental/files/build/reports/problems/problems-report.html

Deprecated Gradle features were used in this build, making it incompatible with Gradle 10.

You can use '--warning-mode all' to show the individual deprecation warnings and determine if they come from your own scripts or plugins.

For more on this, please refer to https://docs.gradle.org/9.3.1/userguide/command_line_interface.html#sec:command_line_warnings in the Gradle documentation.

BUILD SUCCESSFUL in 19s
5 actionable tasks: 5 executed
