To honour the JVM settings for this build a single-use Daemon process will be forked. For more on this, please refer to https://docs.gradle.org/9.3.1/userguide/gradle_daemon.html#sec:disabling_the_daemon in the Gradle documentation.
Daemon will be stopped at the end of the build 

> Configure project :
Downloading dependency from Slimefun5/ExoticGarden
Download completed for dependency Slimefun5/ExoticGarden
Downloading dependency from Slimefun5/InfinityExpansion
Download completed for dependency Slimefun5/InfinityExpansion

> Task :compileJava
/home/runner/work/builds/builds/Slimefun5/DynaTech/experimental/files/src/main/java/me/profelements/dynatech/items/abstracts/AbstractContainer.java:38: error: cannot find symbol
                optOutOfHeaderItem();
                ^
  symbol: method optOutOfHeaderItem()
/home/runner/work/builds/builds/Slimefun5/DynaTech/experimental/files/src/main/java/me/profelements/dynatech/items/electric/PotionSprinkler.java:57: error: cannot find symbol
                optOutOfHeaderItem();
                ^
  symbol: method optOutOfHeaderItem()
/home/runner/work/builds/builds/Slimefun5/DynaTech/experimental/files/src/main/java/me/profelements/dynatech/items/electric/WeatherController.java:43: error: cannot find symbol
                optOutOfHeaderItem();
                ^
  symbol: method optOutOfHeaderItem()
/home/runner/work/builds/builds/Slimefun5/DynaTech/experimental/files/src/main/java/me/profelements/dynatech/items/electric/transfer/WirelessItemInput.java:52: error: cannot find symbol
                optOutOfHeaderItem();
                ^
  symbol: method optOutOfHeaderItem()
/home/runner/work/builds/builds/Slimefun5/DynaTech/experimental/files/src/main/java/me/profelements/dynatech/items/electric/transfer/Tesseract.java:58: error: cannot find symbol
                optOutOfHeaderItem();
                ^
  symbol: method optOutOfHeaderItem()
/home/runner/work/builds/builds/Slimefun5/DynaTech/experimental/files/src/main/java/me/profelements/dynatech/items/electric/transfer/WirelessItemOutput.java:63: error: cannot find symbol
                optOutOfHeaderItem();
                ^
  symbol: method optOutOfHeaderItem()
/home/runner/work/builds/builds/Slimefun5/DynaTech/experimental/files/src/main/java/dev/j3fftw/extrautils/interfaces/InventoryBlock.java:52: error: cannot find symbol
                optOutOfHeaderItem();
                ^
  symbol: method optOutOfHeaderItem()
Note: Some input files use or override a deprecated API.
Note: Recompile with -Xlint:deprecation for details.
Note: Some input files use unchecked or unsafe operations.
Note: Recompile with -Xlint:unchecked for details.
7 errors

> Task :compileJava FAILED

[Incubating] Problems report is available at: file:///home/runner/work/builds/builds/Slimefun5/DynaTech/experimental/files/build/reports/problems/problems-report.html

FAILURE: Build failed with an exception.

* What went wrong:
Execution failed for task ':compileJava'.
> Compilation failed; see the compiler output below.
  /home/runner/work/builds/builds/Slimefun5/DynaTech/experimental/files/src/main/java/me/profelements/dynatech/items/abstracts/AbstractContainer.java:38: error: cannot find symbol
                  optOutOfHeaderItem();
                  ^
    symbol: method optOutOfHeaderItem()
  7 errors

* Try:
> Check your code and dependencies to fix the compilation error(s)
> Run with --scan to get full insights from a Build Scan (powered by Develocity).

BUILD FAILED in 30s
1 actionable task: 1 executed
