Fetching distribution.
Downloading https://services.gradle.org/distributions/gradle-9.6.1-bin.zip
.............10%.............20%..............30%.............40%...............50%............60%.............70%..............80%.............90%..............100%

Welcome to Gradle 9.6.1!

Here are the highlights of this release:
 - Improved Configuration Cache hit rates
 - Additional CLI rendering options
 - Important project hierarchy lookup deprecations

For more details see https://docs.gradle.org/9.6.1/release-notes.html

To honour the JVM settings for this build a single-use Daemon process will be forked. For more on this, please refer to https://docs.gradle.org/9.6.1/userguide/gradle_daemon.html#sec:disabling_the_daemon in the Gradle documentation.
Daemon will be stopped at the end of the build 
> Task :compileJava
> Task :generateGithubDependencyMetadata
> Task :processGitHubResources
> Task :processResources
> Task :classes
> Task :jar SKIPPED
> Task :shadowJar
> Task :assemble
> Task :check
> Task :build

BUILD SUCCESSFUL in 40s
5 actionable tasks: 5 executed
Consider enabling configuration cache to speed up this build: https://docs.gradle.org/9.6.1/userguide/configuration_cache_enabling.html
