Downloading https://services.gradle.org/distributions/gradle-9.3.1-bin.zip
.............10%.............20%.............30%.............40%.............50%.............60%.............70%.............80%.............90%.............100%

Welcome to Gradle 9.3.1!

Here are the highlights of this release:
 - Test reporting improvements
 - Error and warning improvements
 - Build authoring improvements

For more details see https://docs.gradle.org/9.3.1/release-notes.html

To honour the JVM settings for this build a single-use Daemon process will be forked. For more on this, please refer to https://docs.gradle.org/9.3.1/userguide/gradle_daemon.html#sec:disabling_the_daemon in the Gradle documentation.
Daemon will be stopped at the end of the build 

> Configure project :
Downloading dependency from Slimefun5/SlimefunMetrics
Download completed for dependency Slimefun5/SlimefunMetrics
Downloading dependency from Slimefun5/InfinityLib
Download completed for dependency Slimefun5/InfinityLib
Downloading dependency from Slimefun5/Slimefun5
Download completed for dependency Slimefun5/Slimefun5
Downloading dependency from Slimefun5/Slimefun5
Download completed for dependency Slimefun5/Slimefun5

> Task :compileJava
/home/runner/work/builds/builds/Slimefun5/SlimeTinker/experimental/files/src/main/java/io/github/sefiraat/slimetinker/listeners/BlockPlaceListener.java:8: error: cannot find symbol
import io.github.thebusybiscuit.slimefun5.core.multiblocks.MultiBlockAssembler;
                                                          ^
  symbol:   class MultiBlockAssembler
  location: package io.github.thebusybiscuit.slimefun5.core.multiblocks
/home/runner/work/builds/builds/Slimefun5/SlimeTinker/experimental/files/src/main/java/io/github/sefiraat/slimetinker/listeners/BlockPlaceListener.java:67: error: cannot find symbol
        MultiBlockAssembler.assembleAround(layout, customBlocks, controller, event.getPlayer());
        ^
  symbol:   variable MultiBlockAssembler
  location: class io.github.sefiraat.slimetinker.listeners.BlockPlaceListener
Note: Some input files use or override a deprecated API.
Note: Recompile with -Xlint:deprecation for details.
Note: /home/runner/work/builds/builds/Slimefun5/SlimeTinker/experimental/files/src/main/java/io/github/sefiraat/slimetinker/utils/EntityUtils.java uses unchecked or unsafe operations.
Note: Recompile with -Xlint:unchecked for details.
2 errors

> Task :compileJava FAILED

[Incubating] Problems report is available at: file:///home/runner/work/builds/builds/Slimefun5/SlimeTinker/experimental/files/build/reports/problems/problems-report.html

FAILURE: Build failed with an exception.

* What went wrong:
Execution failed for task ':compileJava'.
> Compilation failed; see the compiler output below.
  /home/runner/work/builds/builds/Slimefun5/SlimeTinker/experimental/files/src/main/java/io/github/sefiraat/slimetinker/listeners/BlockPlaceListener.java:8: error: cannot find symbol
  import io.github.thebusybiscuit.slimefun5.core.multiblocks.MultiBlockAssembler;
                                                            ^
    symbol:   class MultiBlockAssembler
    location: package io.github.thebusybiscuit.slimefun5.core.multiblocks
  2 errors

* Try:
> Check your code and dependencies to fix the compilation error(s)
> Run with --scan to get full insights from a Build Scan (powered by Develocity).

BUILD FAILED in 51s
1 actionable task: 1 executed
