To honour the JVM settings for this build a single-use Daemon process will be forked. For more on this, please refer to https://docs.gradle.org/9.3.1/userguide/gradle_daemon.html#sec:disabling_the_daemon in the Gradle documentation.
Daemon will be stopped at the end of the build 

FAILURE: Build failed with an exception.

* What went wrong:
A problem occurred configuring root project 'Supreme'.
> Could not resolve all artifacts for configuration 'classpath'.
   > Could not resolve org.apache.logging.log4j:log4j-core:2.25.3.
     Required by:
         buildscript of root project 'Supreme'
      > Repository Gradle Central Plugin Repository is disabled due to earlier error below:
         > Could not resolve commons-io:commons-io:2.21.0.
            > Could not get resource 'https://plugins.gradle.org/m2/commons-io/commons-io/2.21.0/commons-io-2.21.0.pom'.
               > Could not GET 'https://repo.maven.apache.org/maven2/commons-io/commons-io/2.21.0/commons-io-2.21.0.pom'. Received status code 429 from server: Too Many Requests
   > Could not resolve commons-codec:commons-codec:1.21.0.
     Required by:
         buildscript of root project 'Supreme' > com.gradleup.shadow:com.gradleup.shadow.gradle.plugin:9.3.2 > com.gradleup.shadow:shadow-gradle-plugin:9.3.2
      > Could not resolve commons-codec:commons-codec:1.21.0.
         > Could not get resource 'https://plugins.gradle.org/m2/commons-codec/commons-codec/1.21.0/commons-codec-1.21.0.pom'.
            > Could not GET 'https://repo.maven.apache.org/maven2/commons-codec/commons-codec/1.21.0/commons-codec-1.21.0.pom'. Received status code 429 from server: Too Many Requests
   > Could not resolve org.vafer:jdependency:2.15.
     Required by:
         buildscript of root project 'Supreme' > com.gradleup.shadow:com.gradleup.shadow.gradle.plugin:9.3.2 > com.gradleup.shadow:shadow-gradle-plugin:9.3.2
      > Could not resolve org.vafer:jdependency:2.15.
         > Could not get resource 'https://plugins.gradle.org/m2/org/vafer/jdependency/2.15/jdependency-2.15.pom'.
            > Could not GET 'https://repo.maven.apache.org/maven2/org/vafer/jdependency/2.15/jdependency-2.15.pom'. Received status code 429 from server: Too Many Requests
   > Could not resolve org.jdom:jdom2:2.0.6.1.
     Required by:
         buildscript of root project 'Supreme' > com.gradleup.shadow:com.gradleup.shadow.gradle.plugin:9.3.2 > com.gradleup.shadow:shadow-gradle-plugin:9.3.2
      > Could not resolve org.jdom:jdom2:2.0.6.1.
         > Could not get resource 'https://plugins.gradle.org/m2/org/jdom/jdom2/2.0.6.1/jdom2-2.0.6.1.pom'.
            > Could not GET 'https://repo.maven.apache.org/maven2/org/jdom/jdom2/2.0.6.1/jdom2-2.0.6.1.pom'. Received status code 429 from server: Too Many Requests
> There are 6 more failures with identical causes.

* Try:
> Run with --stacktrace option to get the stack trace.
> Run with --info or --debug option to get more log output.
> Run with --scan to get full insights from a Build Scan (powered by Develocity).
> Get more help at https://help.gradle.org.

BUILD FAILED in 11s
