To honour the JVM settings for this build a single-use Daemon process will be forked. For more on this, please refer to https://docs.gradle.org/9.3.1/userguide/gradle_daemon.html#sec:disabling_the_daemon in the Gradle documentation.
Daemon will be stopped at the end of the build 
> Task :stubs:compileJava
> Task :stubs:processResources NO-SOURCE
> Task :stubs:classes
> Task :stubs:jar

> Task :core:compileJava
Note: Some input files use or override a deprecated API.
Note: Recompile with -Xlint:deprecation for details.
Note: /home/runner/work/builds/builds/Slimefun5/Slimefun5/experimental/files/core/src/main/java/io/github/thebusybiscuit/slimefun5/implementation/items/tools/ExplosiveTool.java uses unchecked or unsafe operations.
Note: Recompile with -Xlint:unchecked for details.

> Task :core:generateGithubDependencyMetadata
> Task :core:processGitHubResources
> Task :core:processResources
> Task :core:classes
> Task :core:jar SKIPPED

> Task :core:shadowJar
XSeries 26.x patch: rewrote XMaterial$Data version regex for non-1.x majors

> Task :core:assemble
> Task :core:check
> Task :core:build
> Task :stubs:assemble
> Task :stubs:check
> Task :stubs:build

[Incubating] Problems report is available at: file:///home/runner/work/builds/builds/Slimefun5/Slimefun5/experimental/files/build/reports/problems/problems-report.html

BUILD SUCCESSFUL in 16s
7 actionable tasks: 7 executed
Consider enabling configuration cache to speed up this build: https://docs.gradle.org/9.3.1/userguide/configuration_cache_enabling.html
