Downloading https://services.gradle.org/distributions/gradle-9.3.1-bin.zip
.............10%.............20%.............30%.............40%.............50%.............60%.............70%.............80%.............90%.............100%

Welcome to Gradle 9.3.1!

Here are the highlights of this release:
 - Test reporting improvements
 - Error and warning improvements
 - Build authoring improvements

For more details see https://docs.gradle.org/9.3.1/release-notes.html

To honour the JVM settings for this build a single-use Daemon process will be forked. For more on this, please refer to https://docs.gradle.org/9.3.1/userguide/gradle_daemon.html#sec:disabling_the_daemon in the Gradle documentation.
Daemon will be stopped at the end of the build 

> Configure project :
Downloading dependency from Slimefun5/SlimefunMetrics
Download completed for dependency Slimefun5/SlimefunMetrics
Downloading dependency from Slimefun5/Slimefun5
Download completed for dependency Slimefun5/Slimefun5

> Task :compileJava
Note: /home/runner/work/builds/builds/Slimefun5/ChestTerminal/stable/files/src/main/java/io/github/thebusybiscuit/chestterminal/ChestTerminal.java uses or overrides a deprecated API.
Note: Recompile with -Xlint:deprecation for details.

> Task :generateGithubDependencyMetadata
> Task :processGitHubResources
> Task :processResources
> Task :classes
> Task :jar SKIPPED
> Task :shadowJar
> Task :assemble
> Task :check
> Task :build

[Incubating] Problems report is available at: file:///home/runner/work/builds/builds/Slimefun5/ChestTerminal/stable/files/build/reports/problems/problems-report.html

BUILD SUCCESSFUL in 57s
5 actionable tasks: 5 executed
Consider enabling configuration cache to speed up this build: https://docs.gradle.org/9.3.1/userguide/configuration_cache_enabling.html
