To honour the JVM settings for this build a single-use Daemon process will be forked. For more on this, please refer to https://docs.gradle.org/9.3.1/userguide/gradle_daemon.html#sec:disabling_the_daemon in the Gradle documentation.
Daemon will be stopped at the end of the build 

> Configure project :
e: file:///home/runner/work/builds/builds/Slimefun5/ChestTerminal/stable/files/build.gradle.kts:13:1: Expecting an element
e: file:///home/runner/work/builds/builds/Slimefun5/ChestTerminal/stable/files/build.gradle.kts:13:2: Unexpected tokens (use ';' to separate expressions on the same line)
e: file:///home/runner/work/builds/builds/Slimefun5/ChestTerminal/stable/files/build.gradle.kts:15:1: Expecting an element
e: file:///home/runner/work/builds/builds/Slimefun5/ChestTerminal/stable/files/build.gradle.kts:15:2: Unexpected tokens (use ';' to separate expressions on the same line)
e: file:///home/runner/work/builds/builds/Slimefun5/ChestTerminal/stable/files/build.gradle.kts:18:1: Expecting an element
e: file:///home/runner/work/builds/builds/Slimefun5/ChestTerminal/stable/files/build.gradle.kts:18:4: Unexpected tokens (use ';' to separate expressions on the same line)
e: file:///home/runner/work/builds/builds/Slimefun5/ChestTerminal/stable/files/build.gradle.kts:19:1: Expecting an element
e: file:///home/runner/work/builds/builds/Slimefun5/ChestTerminal/stable/files/build.gradle.kts:19:4: Unexpected tokens (use ';' to separate expressions on the same line)
e: file:///home/runner/work/builds/builds/Slimefun5/ChestTerminal/stable/files/build.gradle.kts:21:1: Expecting an element
e: file:///home/runner/work/builds/builds/Slimefun5/ChestTerminal/stable/files/build.gradle.kts:21:2: Unexpected tokens (use ';' to separate expressions on the same line)
e: file:///home/runner/work/builds/builds/Slimefun5/ChestTerminal/stable/files/build.gradle.kts:22:1: Expecting an element
e: file:///home/runner/work/builds/builds/Slimefun5/ChestTerminal/stable/files/build.gradle.kts:22:2: Unexpected tokens (use ';' to separate expressions on the same line)
e: file:///home/runner/work/builds/builds/Slimefun5/ChestTerminal/stable/files/build.gradle.kts:23:1: Expecting an element
e: file:///home/runner/work/builds/builds/Slimefun5/ChestTerminal/stable/files/build.gradle.kts:23:4: Unexpected tokens (use ';' to separate expressions on the same line)
e: file:///home/runner/work/builds/builds/Slimefun5/ChestTerminal/stable/files/build.gradle.kts:25:1: Expecting an element
e: file:///home/runner/work/builds/builds/Slimefun5/ChestTerminal/stable/files/build.gradle.kts:25:2: Unexpected tokens (use ';' to separate expressions on the same line)
e: file:///home/runner/work/builds/builds/Slimefun5/ChestTerminal/stable/files/build.gradle.kts:26:1: Expecting an element
e: file:///home/runner/work/builds/builds/Slimefun5/ChestTerminal/stable/files/build.gradle.kts:26:2: Unexpected tokens (use ';' to separate expressions on the same line)
e: file:///home/runner/work/builds/builds/Slimefun5/ChestTerminal/stable/files/build.gradle.kts:29:1: Expecting an element
e: file:///home/runner/work/builds/builds/Slimefun5/ChestTerminal/stable/files/build.gradle.kts:29:2: Unexpected tokens (use ';' to separate expressions on the same line)
e: file:///home/runner/work/builds/builds/Slimefun5/ChestTerminal/stable/files/build.gradle.kts:40:1: Expecting an element
e: file:///home/runner/work/builds/builds/Slimefun5/ChestTerminal/stable/files/build.gradle.kts:40:4: Unexpected tokens (use ';' to separate expressions on the same line)
e: file:///home/runner/work/builds/builds/Slimefun5/ChestTerminal/stable/files/build.gradle.kts:41:1: Expecting an element
e: file:///home/runner/work/builds/builds/Slimefun5/ChestTerminal/stable/files/build.gradle.kts:41:2: Unexpected tokens (use ';' to separate expressions on the same line)
e: file:///home/runner/work/builds/builds/Slimefun5/ChestTerminal/stable/files/build.gradle.kts:46:1: Expecting an element
e: file:///home/runner/work/builds/builds/Slimefun5/ChestTerminal/stable/files/build.gradle.kts:46:2: Unexpected tokens (use ';' to separate expressions on the same line)
e: file:///home/runner/work/builds/builds/Slimefun5/ChestTerminal/stable/files/build.gradle.kts:48:1: Expecting an element
e: file:///home/runner/work/builds/builds/Slimefun5/ChestTerminal/stable/files/build.gradle.kts:48:4: Unexpected tokens (use ';' to separate expressions on the same line)
e: file:///home/runner/work/builds/builds/Slimefun5/ChestTerminal/stable/files/build.gradle.kts:50:1: Expecting an element
e: file:///home/runner/work/builds/builds/Slimefun5/ChestTerminal/stable/files/build.gradle.kts:50:2: Unexpected tokens (use ';' to separate expressions on the same line)
e: file:///home/runner/work/builds/builds/Slimefun5/ChestTerminal/stable/files/build.gradle.kts:51:1: Expecting an element
e: file:///home/runner/work/builds/builds/Slimefun5/ChestTerminal/stable/files/build.gradle.kts:51:2: Unexpected tokens (use ';' to separate expressions on the same line)
e: file:///home/runner/work/builds/builds/Slimefun5/ChestTerminal/stable/files/build.gradle.kts:53:1: Expecting an element
e: file:///home/runner/work/builds/builds/Slimefun5/ChestTerminal/stable/files/build.gradle.kts:53:2: Unexpected tokens (use ';' to separate expressions on the same line)
e: file:///home/runner/work/builds/builds/Slimefun5/ChestTerminal/stable/files/build.gradle.kts:54:1: Expecting an element
e: file:///home/runner/work/builds/builds/Slimefun5/ChestTerminal/stable/files/build.gradle.kts:54:4: Unexpected tokens (use ';' to separate expressions on the same line)
e: file:///home/runner/work/builds/builds/Slimefun5/ChestTerminal/stable/files/build.gradle.kts:56:1: Expecting an element
e: file:///home/runner/work/builds/builds/Slimefun5/ChestTerminal/stable/files/build.gradle.kts:56:2: Unexpected tokens (use ';' to separate expressions on the same line)
e: file:///home/runner/work/builds/builds/Slimefun5/ChestTerminal/stable/files/build.gradle.kts:58:1: Expecting an element
e: file:///home/runner/work/builds/builds/Slimefun5/ChestTerminal/stable/files/build.gradle.kts:58:4: Unexpected tokens (use ';' to separate expressions on the same line)
e: file:///home/runner/work/builds/builds/Slimefun5/ChestTerminal/stable/files/build.gradle.kts:59:1: Expecting an element
e: file:///home/runner/work/builds/builds/Slimefun5/ChestTerminal/stable/files/build.gradle.kts:59:2: Unexpected tokens (use ';' to separate expressions on the same line)

FAILURE: Build failed with an exception.

* Where:
Build file '/home/runner/work/builds/builds/Slimefun5/ChestTerminal/stable/files/build.gradle.kts' line: 13

* What went wrong:
Script compilation errors:

  Line 13: <<<<<<< HEAD
           ^ Expecting an element

  Line 13: <<<<<<< HEAD
            ^ Unexpected tokens (use ';' to separate expressions on the same line)

  Line 15: <<<<<<< HEAD
           ^ Expecting an element

  Line 15: <<<<<<< HEAD
            ^ Unexpected tokens (use ';' to separate expressions on the same line)

  Line 18: =======
           ^ Expecting an element

  Line 18: =======
              ^ Unexpected tokens (use ';' to separate expressions on the same line)

  Line 19: =======
           ^ Expecting an element

  Line 19: =======
              ^ Unexpected tokens (use ';' to separate expressions on the same line)

  Line 21: <<<<<<< HEAD
           ^ Expecting an element

  Line 21: <<<<<<< HEAD
            ^ Unexpected tokens (use ';' to separate expressions on the same line)

  Line 22: >>>>>>> origin/experimental
           ^ Expecting an element

  Line 22: >>>>>>> origin/experimental
            ^ Unexpected tokens (use ';' to separate expressions on the same line)

  Line 23: =======
           ^ Expecting an element

  Line 23: =======
              ^ Unexpected tokens (use ';' to separate expressions on the same line)

  Line 25: <<<<<<< HEAD
           ^ Expecting an element

  Line 25: <<<<<<< HEAD
            ^ Unexpected tokens (use ';' to separate expressions on the same line)

  Line 26: >>>>>>> origin/experimental
           ^ Expecting an element

  Line 26: >>>>>>> origin/experimental
            ^ Unexpected tokens (use ';' to separate expressions on the same line)

  Line 29: >>>>>>> origin/experimental
           ^ Expecting an element

  Line 29: >>>>>>> origin/experimental
            ^ Unexpected tokens (use ';' to separate expressions on the same line)

  Line 40: =======
           ^ Expecting an element

  Line 40: =======
              ^ Unexpected tokens (use ';' to separate expressions on the same line)

  Line 41: >>>>>>> origin/experimental
           ^ Expecting an element

  Line 41: >>>>>>> origin/experimental
            ^ Unexpected tokens (use ';' to separate expressions on the same line)

  Line 46: <<<<<<< HEAD
           ^ Expecting an element

  Line 46: <<<<<<< HEAD
            ^ Unexpected tokens (use ';' to separate expressions on the same line)

  Line 48: =======
           ^ Expecting an element

  Line 48: =======
              ^ Unexpected tokens (use ';' to separate expressions on the same line)

  Line 50: <<<<<<< HEAD
           ^ Expecting an element

  Line 50: <<<<<<< HEAD
            ^ Unexpected tokens (use ';' to separate expressions on the same line)

  Line 51: <<<<<<< HEAD
           ^ Expecting an element

  Line 51: <<<<<<< HEAD
            ^ Unexpected tokens (use ';' to separate expressions on the same line)

  Line 53: >>>>>>> origin/experimental
           ^ Expecting an element

  Line 53: >>>>>>> origin/experimental
            ^ Unexpected tokens (use ';' to separate expressions on the same line)

  Line 54: =======
           ^ Expecting an element

  Line 54: =======
              ^ Unexpected tokens (use ';' to separate expressions on the same line)

  Line 56: >>>>>>> origin/experimental
           ^ Expecting an element

  Line 56: >>>>>>> origin/experimental
            ^ Unexpected tokens (use ';' to separate expressions on the same line)

  Line 58: =======
           ^ Expecting an element

  Line 58: =======
              ^ Unexpected tokens (use ';' to separate expressions on the same line)

  Line 59: >>>>>>> origin/experimental
           ^ Expecting an element

  Line 59: >>>>>>> origin/experimental
            ^ Unexpected tokens (use ';' to separate expressions on the same line)

42 errors

* Try:
> Run with --stacktrace option to get the stack trace.
> Run with --info or --debug option to get more log output.
> Run with --scan to get full insights from a Build Scan (powered by Develocity).
> Get more help at https://help.gradle.org.

BUILD FAILED in 10s
