To honour the JVM settings for this build a single-use Daemon process will be forked. For more on this, please refer to https://docs.gradle.org/9.3.1/userguide/gradle_daemon.html#sec:disabling_the_daemon in the Gradle documentation.
Daemon will be stopped at the end of the build 

> Configure project :
e: file:///home/runner/work/builds/builds/Slimefun5/ChestTerminal/stable/files/build.gradle.kts:30:1: Expecting an element
e: file:///home/runner/work/builds/builds/Slimefun5/ChestTerminal/stable/files/build.gradle.kts:30:2: Unexpected tokens (use ';' to separate expressions on the same line)
e: file:///home/runner/work/builds/builds/Slimefun5/ChestTerminal/stable/files/build.gradle.kts:33:1: Expecting an element
e: file:///home/runner/work/builds/builds/Slimefun5/ChestTerminal/stable/files/build.gradle.kts:33:4: Unexpected tokens (use ';' to separate expressions on the same line)
e: file:///home/runner/work/builds/builds/Slimefun5/ChestTerminal/stable/files/build.gradle.kts:36:1: Expecting an element
e: file:///home/runner/work/builds/builds/Slimefun5/ChestTerminal/stable/files/build.gradle.kts:36:2: Unexpected tokens (use ';' to separate expressions on the same line)
e: file:///home/runner/work/builds/builds/Slimefun5/ChestTerminal/stable/files/build.gradle.kts:56:1: Expecting an element
e: file:///home/runner/work/builds/builds/Slimefun5/ChestTerminal/stable/files/build.gradle.kts:56:2: Unexpected tokens (use ';' to separate expressions on the same line)
e: file:///home/runner/work/builds/builds/Slimefun5/ChestTerminal/stable/files/build.gradle.kts:58:1: Expecting an element
e: file:///home/runner/work/builds/builds/Slimefun5/ChestTerminal/stable/files/build.gradle.kts:58:4: Unexpected tokens (use ';' to separate expressions on the same line)
e: file:///home/runner/work/builds/builds/Slimefun5/ChestTerminal/stable/files/build.gradle.kts:61:1: Expecting an element
e: file:///home/runner/work/builds/builds/Slimefun5/ChestTerminal/stable/files/build.gradle.kts:61:2: Unexpected tokens (use ';' to separate expressions on the same line)
FAILURE: Build failed with an exception.

* Where:
Build file '/home/runner/work/builds/builds/Slimefun5/ChestTerminal/stable/files/build.gradle.kts' line: 30

* What went wrong:
Script compilation errors:


  Line 30: <<<<<<< HEAD
           ^ Expecting an element

  Line 30: <<<<<<< HEAD
            ^ Unexpected tokens (use ';' to separate expressions on the same line)

  Line 33: =======
           ^ Expecting an element

  Line 33: =======
              ^ Unexpected tokens (use ';' to separate expressions on the same line)

  Line 36: >>>>>>> origin/experimental
           ^ Expecting an element

  Line 36: >>>>>>> origin/experimental
            ^ Unexpected tokens (use ';' to separate expressions on the same line)

  Line 56: <<<<<<< HEAD
           ^ Expecting an element

  Line 56: <<<<<<< HEAD
            ^ Unexpected tokens (use ';' to separate expressions on the same line)

  Line 58: =======
           ^ Expecting an element

  Line 58: =======
              ^ Unexpected tokens (use ';' to separate expressions on the same line)

  Line 61: >>>>>>> origin/experimental
           ^ Expecting an element

  Line 61: >>>>>>> origin/experimental
            ^ Unexpected tokens (use ';' to separate expressions on the same line)

12 errors

* Try:
> Run with --stacktrace option to get the stack trace.
> Run with --info or --debug option to get more log output.
> Run with --scan to get full insights from a Build Scan (powered by Develocity).
> Get more help at https://help.gradle.org.

BUILD FAILED in 10s
