To honour the JVM settings for this build a single-use Daemon process will be forked. For more on this, please refer to https://docs.gradle.org/9.3.1/userguide/gradle_daemon.html#sec:disabling_the_daemon in the Gradle documentation.
Daemon will be stopped at the end of the build 

> Configure project :
e: file:///home/runner/work/builds/builds/Slimefun5/LuckyBlocks/stable/files/build.gradle.kts:13:1: Expecting an element
e: file:///home/runner/work/builds/builds/Slimefun5/LuckyBlocks/stable/files/build.gradle.kts:13:2: Unexpected tokens (use ';' to separate expressions on the same line)
e: file:///home/runner/work/builds/builds/Slimefun5/LuckyBlocks/stable/files/build.gradle.kts:15:1: Expecting an element
e: file:///home/runner/work/builds/builds/Slimefun5/LuckyBlocks/stable/files/build.gradle.kts:15:2: Unexpected tokens (use ';' to separate expressions on the same line)
e: file:///home/runner/work/builds/builds/Slimefun5/LuckyBlocks/stable/files/build.gradle.kts:18:1: Expecting an element
e: file:///home/runner/work/builds/builds/Slimefun5/LuckyBlocks/stable/files/build.gradle.kts:18:4: Unexpected tokens (use ';' to separate expressions on the same line)
e: file:///home/runner/work/builds/builds/Slimefun5/LuckyBlocks/stable/files/build.gradle.kts:19:1: Expecting an element
e: file:///home/runner/work/builds/builds/Slimefun5/LuckyBlocks/stable/files/build.gradle.kts:19:4: Unexpected tokens (use ';' to separate expressions on the same line)
e: file:///home/runner/work/builds/builds/Slimefun5/LuckyBlocks/stable/files/build.gradle.kts:21:1: Expecting an element
e: file:///home/runner/work/builds/builds/Slimefun5/LuckyBlocks/stable/files/build.gradle.kts:21:2: Unexpected tokens (use ';' to separate expressions on the same line)
e: file:///home/runner/work/builds/builds/Slimefun5/LuckyBlocks/stable/files/build.gradle.kts:22:1: Expecting an element
e: file:///home/runner/work/builds/builds/Slimefun5/LuckyBlocks/stable/files/build.gradle.kts:22:2: Unexpected tokens (use ';' to separate expressions on the same line)
e: file:///home/runner/work/builds/builds/Slimefun5/LuckyBlocks/stable/files/build.gradle.kts:23:1: Expecting an element
e: file:///home/runner/work/builds/builds/Slimefun5/LuckyBlocks/stable/files/build.gradle.kts:23:4: Unexpected tokens (use ';' to separate expressions on the same line)
e: file:///home/runner/work/builds/builds/Slimefun5/LuckyBlocks/stable/files/build.gradle.kts:25:1: Expecting an element
e: file:///home/runner/work/builds/builds/Slimefun5/LuckyBlocks/stable/files/build.gradle.kts:25:2: Unexpected tokens (use ';' to separate expressions on the same line)
e: file:///home/runner/work/builds/builds/Slimefun5/LuckyBlocks/stable/files/build.gradle.kts:26:1: Expecting an element
e: file:///home/runner/work/builds/builds/Slimefun5/LuckyBlocks/stable/files/build.gradle.kts:26:2: Unexpected tokens (use ';' to separate expressions on the same line)
e: file:///home/runner/work/builds/builds/Slimefun5/LuckyBlocks/stable/files/build.gradle.kts:29:1: Expecting an element
e: file:///home/runner/work/builds/builds/Slimefun5/LuckyBlocks/stable/files/build.gradle.kts:29:2: Unexpected tokens (use ';' to separate expressions on the same line)
e: file:///home/runner/work/builds/builds/Slimefun5/LuckyBlocks/stable/files/build.gradle.kts:46:1: Expecting an element
e: file:///home/runner/work/builds/builds/Slimefun5/LuckyBlocks/stable/files/build.gradle.kts:46:4: Unexpected tokens (use ';' to separate expressions on the same line)
e: file:///home/runner/work/builds/builds/Slimefun5/LuckyBlocks/stable/files/build.gradle.kts:47:1: Expecting an element
e: file:///home/runner/work/builds/builds/Slimefun5/LuckyBlocks/stable/files/build.gradle.kts:47:2: Unexpected tokens (use ';' to separate expressions on the same line)
e: file:///home/runner/work/builds/builds/Slimefun5/LuckyBlocks/stable/files/build.gradle.kts:52:1: Expecting an element
e: file:///home/runner/work/builds/builds/Slimefun5/LuckyBlocks/stable/files/build.gradle.kts:52:2: Unexpected tokens (use ';' to separate expressions on the same line)
e: file:///home/runner/work/builds/builds/Slimefun5/LuckyBlocks/stable/files/build.gradle.kts:54:1: Expecting an element
e: file:///home/runner/work/builds/builds/Slimefun5/LuckyBlocks/stable/files/build.gradle.kts:54:4: Unexpected tokens (use ';' to separate expressions on the same line)
e: file:///home/runner/work/builds/builds/Slimefun5/LuckyBlocks/stable/files/build.gradle.kts:56:1: Expecting an element
e: file:///home/runner/work/builds/builds/Slimefun5/LuckyBlocks/stable/files/build.gradle.kts:56:2: Unexpected tokens (use ';' to separate expressions on the same line)
e: file:///home/runner/work/builds/builds/Slimefun5/LuckyBlocks/stable/files/build.gradle.kts:57:1: Expecting an element
e: file:///home/runner/work/builds/builds/Slimefun5/LuckyBlocks/stable/files/build.gradle.kts:57:2: Unexpected tokens (use ';' to separate expressions on the same line)
e: file:///home/runner/work/builds/builds/Slimefun5/LuckyBlocks/stable/files/build.gradle.kts:59:1: Expecting an element
e: file:///home/runner/work/builds/builds/Slimefun5/LuckyBlocks/stable/files/build.gradle.kts:59:2: Unexpected tokens (use ';' to separate expressions on the same line)
e: file:///home/runner/work/builds/builds/Slimefun5/LuckyBlocks/stable/files/build.gradle.kts:60:1: Expecting an element
e: file:///home/runner/work/builds/builds/Slimefun5/LuckyBlocks/stable/files/build.gradle.kts:60:4: Unexpected tokens (use ';' to separate expressions on the same line)
e: file:///home/runner/work/builds/builds/Slimefun5/LuckyBlocks/stable/files/build.gradle.kts:62:1: Expecting an element
e: file:///home/runner/work/builds/builds/Slimefun5/LuckyBlocks/stable/files/build.gradle.kts:62:2: Unexpected tokens (use ';' to separate expressions on the same line)
e: file:///home/runner/work/builds/builds/Slimefun5/LuckyBlocks/stable/files/build.gradle.kts:76:1: Expecting an element
e: file:///home/runner/work/builds/builds/Slimefun5/LuckyBlocks/stable/files/build.gradle.kts:76:4: Unexpected tokens (use ';' to separate expressions on the same line)
e: file:///home/runner/work/builds/builds/Slimefun5/LuckyBlocks/stable/files/build.gradle.kts:78:1: Expecting an element
e: file:///home/runner/work/builds/builds/Slimefun5/LuckyBlocks/stable/files/build.gradle.kts:78:2: Unexpected tokens (use ';' to separate expressions on the same line)

FAILURE: Build failed with an exception.

* Where:
Build file '/home/runner/work/builds/builds/Slimefun5/LuckyBlocks/stable/files/build.gradle.kts' line: 13

* What went wrong:
Script compilation errors:

  Line 13: <<<<<<< HEAD
           ^ Expecting an element

  Line 13: <<<<<<< HEAD
            ^ Unexpected tokens (use ';' to separate expressions on the same line)

  Line 15: <<<<<<< HEAD
           ^ Expecting an element

  Line 15: <<<<<<< HEAD
            ^ Unexpected tokens (use ';' to separate expressions on the same line)

  Line 18: =======
           ^ Expecting an element

  Line 18: =======
              ^ Unexpected tokens (use ';' to separate expressions on the same line)

  Line 19: =======
           ^ Expecting an element

  Line 19: =======
              ^ Unexpected tokens (use ';' to separate expressions on the same line)

  Line 21: <<<<<<< HEAD
           ^ Expecting an element

  Line 21: <<<<<<< HEAD
            ^ Unexpected tokens (use ';' to separate expressions on the same line)

  Line 22: >>>>>>> origin/experimental
           ^ Expecting an element

  Line 22: >>>>>>> origin/experimental
            ^ Unexpected tokens (use ';' to separate expressions on the same line)

  Line 23: =======
           ^ Expecting an element

  Line 23: =======
              ^ Unexpected tokens (use ';' to separate expressions on the same line)

  Line 25: <<<<<<< HEAD
           ^ Expecting an element

  Line 25: <<<<<<< HEAD
            ^ Unexpected tokens (use ';' to separate expressions on the same line)

  Line 26: >>>>>>> origin/experimental
           ^ Expecting an element

  Line 26: >>>>>>> origin/experimental
            ^ Unexpected tokens (use ';' to separate expressions on the same line)

  Line 29: >>>>>>> origin/experimental
           ^ Expecting an element

  Line 29: >>>>>>> origin/experimental
            ^ Unexpected tokens (use ';' to separate expressions on the same line)

  Line 46: =======
           ^ Expecting an element

  Line 46: =======
              ^ Unexpected tokens (use ';' to separate expressions on the same line)

  Line 47: >>>>>>> origin/experimental
           ^ Expecting an element

  Line 47: >>>>>>> origin/experimental
            ^ Unexpected tokens (use ';' to separate expressions on the same line)

  Line 52: <<<<<<< HEAD
           ^ Expecting an element

  Line 52: <<<<<<< HEAD
            ^ Unexpected tokens (use ';' to separate expressions on the same line)

  Line 54: =======
           ^ Expecting an element

  Line 54: =======
              ^ Unexpected tokens (use ';' to separate expressions on the same line)

  Line 56: <<<<<<< HEAD
           ^ Expecting an element

  Line 56: <<<<<<< HEAD
            ^ Unexpected tokens (use ';' to separate expressions on the same line)

  Line 57: <<<<<<< HEAD
           ^ Expecting an element

  Line 57: <<<<<<< HEAD
            ^ Unexpected tokens (use ';' to separate expressions on the same line)

  Line 59: >>>>>>> origin/experimental
           ^ Expecting an element

  Line 59: >>>>>>> origin/experimental
            ^ Unexpected tokens (use ';' to separate expressions on the same line)

  Line 60: =======
           ^ Expecting an element

  Line 60: =======
              ^ Unexpected tokens (use ';' to separate expressions on the same line)

  Line 62: >>>>>>> origin/experimental
           ^ Expecting an element

  Line 62: >>>>>>> origin/experimental
            ^ Unexpected tokens (use ';' to separate expressions on the same line)

  Line 76: =======
           ^ Expecting an element

  Line 76: =======
              ^ Unexpected tokens (use ';' to separate expressions on the same line)

  Line 78: >>>>>>> origin/experimental
           ^ Expecting an element

  Line 78: >>>>>>> origin/experimental
            ^ Unexpected tokens (use ';' to separate expressions on the same line)

42 errors

* Try:
> Run with --stacktrace option to get the stack trace.
> Run with --info or --debug option to get more log output.
> Run with --scan to get full insights from a Build Scan (powered by Develocity).
> Get more help at https://help.gradle.org.

BUILD FAILED in 9s
