Downloading https://services.gradle.org/distributions/gradle-9.3.1-bin.zip
.............10%.............20%.............30%.............40%.............50%.............60%.............70%.............80%.............90%.............100%

Welcome to Gradle 9.3.1!

Here are the highlights of this release:
 - Test reporting improvements
 - Error and warning improvements
 - Build authoring improvements

For more details see https://docs.gradle.org/9.3.1/release-notes.html

To honour the JVM settings for this build a single-use Daemon process will be forked. For more on this, please refer to https://docs.gradle.org/9.3.1/userguide/gradle_daemon.html#sec:disabling_the_daemon in the Gradle documentation.
Daemon will be stopped at the end of the build 

> Configure project :
Downloading dependency from Slimefun5/SlimefunMetrics
Download completed for dependency Slimefun5/SlimefunMetrics
Downloading dependency from Slimefun5/Slimefun5
Download completed for dependency Slimefun5/Slimefun5

> Task :compileJava
/home/runner/work/builds/builds/Slimefun5/ChestTerminal/experimental/files/src/main/java/io/github/thebusybiscuit/chestterminal/items/ImportBus.java:47: error: cannot find symbol
                optOutOfHeaderItem(ChatColor.DARK_AQUA);
                ^
  symbol: method optOutOfHeaderItem(org.bukkit.ChatColor)
/home/runner/work/builds/builds/Slimefun5/ChestTerminal/experimental/files/src/main/java/io/github/thebusybiscuit/chestterminal/items/AccessTerminal.java:57: error: cannot find symbol
                optOutOfHeaderItem(ChatColor.DARK_AQUA);
                ^
  symbol: method optOutOfHeaderItem(org.bukkit.ChatColor)
/home/runner/work/builds/builds/Slimefun5/ChestTerminal/experimental/files/src/main/java/io/github/thebusybiscuit/chestterminal/items/ExportBus.java:46: error: cannot find symbol
                optOutOfHeaderItem(ChatColor.DARK_AQUA);
                ^
  symbol: method optOutOfHeaderItem(org.bukkit.ChatColor)
Note: /home/runner/work/builds/builds/Slimefun5/ChestTerminal/experimental/files/src/main/java/io/github/thebusybiscuit/chestterminal/ChestTerminal.java uses or overrides a deprecated API.
Note: Recompile with -Xlint:deprecation for details.
3 errors

> Task :compileJava FAILED

[Incubating] Problems report is available at: file:///home/runner/work/builds/builds/Slimefun5/ChestTerminal/experimental/files/build/reports/problems/problems-report.html
1 actionable task: 1 executed

FAILURE: Build failed with an exception.

* What went wrong:
Execution failed for task ':compileJava'.
> Compilation failed; see the compiler output below.
  /home/runner/work/builds/builds/Slimefun5/ChestTerminal/experimental/files/src/main/java/io/github/thebusybiscuit/chestterminal/items/ImportBus.java:47: error: cannot find symbol
                  optOutOfHeaderItem(ChatColor.DARK_AQUA);
                  ^
    symbol: method optOutOfHeaderItem(org.bukkit.ChatColor)
  3 errors

* Try:
> Check your code and dependencies to fix the compilation error(s)
> Run with --scan to get full insights from a Build Scan (powered by Develocity).

BUILD FAILED in 54s
